Script started on 2020-09-03 12:42:56-04:00 [TERM="ansi" TTY="/dev/pts/2" COLUMNS="80" LINES="24"]
awalley1@remote00:~/i220a/submit/lab1$ ls
lab1.LOG  lab.LOG
awalley1@remote00:~/i220a/submit/lab1$ rm lab.LOG 
awalley1@remote00:~/i220a/submit/lab1$ ls
lab1.LOG
awalley1@remote00:~/i220a/submit/lab1$ ls[D[K[D[Kcp -pr ~/cs220/labs/lab1/excersi[D[K[D[K[D[K[D[K[D[Kerxisez[D[K[D[K[D[K[D[K[D[Kcises .
awalley1@remote00:~/i220a/submit/lab1$ ls
exercises  lab1.LOG
awalley1@remote00:~/i220a/submit/lab1$ cd ~/i220a/submit/lab1/exc[D[Kercises/1-hello
[A
awalley1@remote00:~/i220a/submit/lab1/exercises/1-hello$ ls -l
total 4
-rw-r----- 1 awalley1 awalley1 75 Sep  3 12:41 hello.c
awalley1@remote00:~/i220a/submit/lab1/exercises/1-hello$ make
make: *** No targets specified and no makefile found.  Stop.
awalley1@remote00:~/i220a/submit/lab1/exercises/1-hello$ make helo[D[Klo
cc     hello.c   -o hello
awalley1@remote00:~/i220a/submit/lab1/exercises/1-hello$ ls -
ls: cannot access '-': No such file or directory
awalley1@remote00:~/i220a/submit/lab1/exercises/1-hello$ ls -l
total 24
-rwxr-x--- 1 awalley1 awalley1 16608 Sep  3 12:45 hello
-rw-r----- 1 awalley1 awalley1    75 Sep  3 12:41 hello.c
awalley1@remote00:~/i220a/submit/lab1/exercises/1-hello$ make[Kawalley1@remote00:~/i220a/submit/lab1/exercises/1-hello$ make[Kawalley1@remote00:~/i220a/submit/lab1/exercises/1-hello$ make[Kawalley1@remote00:~/i220a/submit/lab1/exercises/1-hello$ make[Kawalley1@remote00:~/i220a/submit/lab1/exercises/1-hello$ make[Kawalley1@remote00:~/i220a/submit/lab1/exercises/1-hello$ make[Kawalley1@remote00:~/i220a/submit/lab1/exercises/1-hello$ make[Kawalley1@remote00:~/i220a/submit/lab1/exercises/1-hello$ make[Kawalley1@remote00:~/i220a/submit/lab1/exercises/1-hello$ make[Kawalley1@remote00:~/i220a/submit/lab1/exercises/1-hello$ make[Kawalley1@remote00:~/i220a/submit/lab1/exercises/1-hello$ make[Kawalley1@remote00:~/i220a/submit/lab1/exercises/1-hello$ make[Kawalley1@remote00:~/i220a/submit/lab1/exercises/1-hello$ make[Kawalley1@remote00:~/i220a/submit/lab1/exercises/1-hello$ make[Kawalley1@remote00:~/i220a/submit/lab1/exercises/1-hello$ make[Kawalley1@remote00:~/i220a/submit/lab1/exercises/1-hello$ make[Kawalley1@remote00:~/i220a/submit/lab1/exercises/1-hello$ make[Kawalley1@remote00:~/i220a/submit/lab1/exercises/1-hello$ make[Kawalley1@remote00:~/i220a/submit/lab1/exercises/1-hello$ make[Kawalley1@remote00:~/i220a/submit/lab1/exercises/1-hello$ make[Kawalley1@remote00:~/i220a/submit/lab1/exercises/1-hello$ make[Kawalley1@remote00:~/i220a/submit/lab1/exercises/1-hello$ make[Kawalley1@remote00:~/i220a/submit/lab1/exercises/1-hello$ make[Kawalley1@remote00:~/i220a/submit/lab1/exercises/1-hello$ make[Kawalley1@remote00:~/i220a/submit/lab1/exercises/1-hello$ make[Kawalley1@remote00:~/i220a/submit/lab1/exercises/1-hello$ make[Kawalley1@remote00:~/i220a/submit/lab1/exercises/1-hello$ make[Kawalley1@remote00:~/i220a/submit/lab1/exercises/1-hello$ make[Kawalley1@remote00:~/i220a/submit/lab1/exercises/1-hello$ make[Kawalley1@remote00:~/i220a/submit/lab1/exercises/1-hello$ make[Kawalley1@remote00:~/i220a/submit/lab1/exercises/1-hello$ make[Kawalley1@remote00:~/i220a/submit/lab1/exercises/1-hello$ make[Kawalley1@remote00:~/i220a/submit/lab1/exercises/1-hello$ make[Kawalley1@remote00:~/i220a/submit/lab1/exercises/1-hello$ make[Kawalley1@remote00:~/i220a/submit/lab1/exercises/1-hello$ make[Kawalley1@remote00:~/i220a/submit/lab1/exercises/1-hello$ make[Kawalley1@remote00:~/i220a/submit/lab1/exercises/1-hello$ make[Kawalley1@remote00:~/i220a/submit/lab1/exercises/1-hello$ make[Kawalley1@remote00:~/i220a/submit/lab1/exercises/1-hello$ make[Kawalley1@remote00:~/i220a/submit/lab1/exercises/1-hello$ make[Kawalley1@remote00:~/i220a/submit/lab1/exercises/1-hello$ make[Kawalley1@remote00:~/i220a/submit/lab1/exercises/1-hello$ make[Kawalley1@remote00:~/i220a/submit/lab1/exercises/1-hello$ make[Kawalley1@remote00:~/i220a/submit/lab1/exercises/1-hello$ make[Kawalley1@remote00:~/i220a/submit/lab1/exercises/1-hello$ make[Kawalley1@remote00:~/i220a/submit/lab1/exercises/1-hello$ make[Kawalley1@remote00:~/i220a/submit/lab1/exercises/1-hello$ make[Kawalley1@remote00:~/i220a/submit/lab1/exercises/1-hello$ make[Kawalley1@remote00:~/i220a/submit/lab1/exercises/1-hello$ make[Kawalley1@remote00:~/i220a/submit/lab1/exercises/1-hello$ make[Kawalley1@remote00:~/i220a/submit/lab1/exercises/1-hello$ make[Kawalley1@remote00:~/i220a/submit/lab1/exercises/1-hello$ make[Kawalley1@remote00:~/i220a/submit/lab1/exercises/1-hello$ make -p | les
bash: les: command not found
make: *** No targets specified and no makefile found.  Stop.
awalley1@remote00:~/i220a/submit/lab1/exercises/1-hello$ make -p | less
make: *** No targets specified and no makefile found.  Stop.
# GNU Make 4.2.1
# Built for x86_64-pc-linux-gnu
# Copyright (C) 1988-2016 Free Software Foundation, Inc.
# License GPLv3+: GNU GPL version 3 or later <http://gnu.org/licenses/gpl.html>
# This is free software: you are free to change and redistribute it.
# There is NO WARRANTY, to the extent permitted by law.

# Make data base, printed on Thu Sep  3 12:47:29 2020

# Variables

# automatic
<D = $(patsubst %/,%,$(dir $<))
# automatic
?F = $(notdir $?)
# default
.SHELLFLAGS := -c
# environment
_VIRTUALENVWRAPPER_API =  mkvirtualenv rmvirtualenv lsvirtualenv showvirtualenv workon add2virtualenv cdsitepackages cdvirtualenv lssitepackages toggleglobalsitepackages cpvirtualenv setvirtualenvproject mkproject cdproject mktmpenv
# environment
XDG_SESSION_TYPE = tty
# default
CWEAVE = cweave
# automatic
?D = $(patsubst %/,%,$(dir $?))
# automatic
@D = $(patsubst %/,%,$(dir $@))
# automatic
@F = $(notdir $@)
# default
MAKE_VERSION := 4.2.1
# makefile
CURDIR := /import/linux/home1/awalley1/projects/i220a/submit/lab1/exercises/1-hello
# makefile
SHELL = /bin/sh
# default
RM = rm -f
# default
CO = co
# default
COMPILE.mod = $(M2C) $(M2FLAGS) $(MODFLAGS) $(TARGET_ARCH)
# environment
_ = /usr/bin/make
# default
PREPROCESS.F = $(FC) $(FFLAGS) $(CPPFLAGS) $(TARGET_ARCH) -F
# default
LINK.m = $(OBJC) $(OBJCFLAGS) $(CPPFLAGS) $(LDFLAGS) $(TARGET_ARCH)
# default
:[K[Kawalley1@remote00:~/i220a/submit/lab1/exercises/1-hello$ make -o[D[Kp | grep "[D[K'./c'[D[K[D[K[D[K[D[K\.c'
make: *** No targets specified and no makefile found.  Stop.
COMPILE.cpp = $(COMPILE.cc)
LINK.cc = $(CXX) $(CXXFLAGS) $(CPPFLAGS) $(LDFLAGS) $(TARGET_ARCH)
LINT.c = $(LINT) $(LINTFLAGS) $(CPPFLAGS) $(TARGET_ARCH)
LINK.C = $(LINK.cc)
LINK.c = $(CC) $(CFLAGS) $(CPPFLAGS) $(LDFLAGS) $(TARGET_ARCH)
LINK.cpp = $(LINK.cc)
COMPILE.cc = $(CXX) $(CXXFLAGS) $(CPPFLAGS) $(TARGET_ARCH) -c
COMPILE.C = $(COMPILE.cc)
SUFFIXES := .out .a .ln .o .c .cc .C .cpp .p .f .F .m .r .y .l .ym .yl .s .S .mod .sym .def .h .info .dvi .tex .texinfo .texi .txinfo .w .ch .web .sh .elc .el
COMPILE.c = $(CC) $(CFLAGS) $(CPPFLAGS) $(TARGET_ARCH) -c
%.c:
%: %.c
	$(LINK.c) $^ $(LOADLIBES) $(LDLIBS) -o $@
%.ln: %.c
	$(LINT.c) -C$* $<
%.o: %.c
	$(COMPILE.c) $(OUTPUT_OPTION) $<
%.cc:
%: %.cc
	$(LINK.cc) $^ $(LOADLIBES) $(LDLIBS) -o $@
%.o: %.cc
	$(COMPILE.cc) $(OUTPUT_OPTION) $<
%.cpp:
%: %.cpp
	$(LINK.cpp) $^ $(LOADLIBES) $(LDLIBS) -o $@
%.o: %.cpp
	$(COMPILE.cpp) $(OUTPUT_OPTION) $<
	 $(LINT.c) -C$* y.tab.c 
	 $(RM) y.tab.c
%.c: %.y
	 mv -f y.tab.c $@
	@$(RM) $*.c
	 $(LEX.l) $< > $*.c
	$(LINT.c) -i $*.c -o $@
	 $(RM) $*.c
%.c: %.l
	 mv -f y.tab.c $@
%.c: %.w
%.ch:
%.c: %.w %.ch
%.tex: %.w %.ch
	@$(RM) $*.c
	 $(LEX.l) $< > $*.c
	$(LINT.c) -i $*.c -o $@
	 $(RM) $*.c
.w.c:
.ch:
.cc:
	$(LINK.cc) $^ $(LOADLIBES) $(LDLIBS) -o $@
.cc.o:
	$(COMPILE.cc) $(OUTPUT_OPTION) $<
.SUFFIXES: .out .a .ln .o .c .cc .C .cpp .p .f .F .m .r .y .l .ym .yl .s .S .mod .sym .def .h .info .dvi .tex .texinfo .texi .txinfo .w .ch .web .sh .elc .el
.c.o:
	$(COMPILE.c) $(OUTPUT_OPTION) $<
	 mv -f y.tab.c $@
	 $(LINT.c) -C$* y.tab.c 
	 $(RM) y.tab.c
.l.c:
.c:
	$(LINK.c) $^ $(LOADLIBES) $(LDLIBS) -o $@
.c.ln:
	$(LINT.c) -C$* $<
.y.c:
	 mv -f y.tab.c $@
.cpp.o:
	$(COMPILE.cpp) $(OUTPUT_OPTION) $<
.cpp:
	$(LINK.cpp) $^ $(LOADLIBES) $(LDLIBS) -o $@
awalley1@remote00:~/i220a/submit/lab1/exercises/1-hello$ cd .
awalley1@remote00:~/i220a/submit/lab1/exercises/1-hello$ cd ..
awalley1@remote00:~/i220a/submit/lab1/exercises$ ls
1-hello  2-err	3-multifile  4-from-scratch  5-auto-dependencies  Makefile
awalley1@remote00:~/i220a/submit/lab1/exercises$ cd 2-err
awalley1@remote00:~/i220a/submit/lab1/exercises/2-err$ ls
Makefile
awalley1@remote00:~/i220a/submit/lab1/exercises/2-err$ make
Makefile:2: *** missing separator.  Stop.
awalley1@remote00:~/i220a/submit/lab1/exercises/2-err$ makr cou[D[K[D[K[D[K[D[K[D[Ke count-bin
Makefile:2: *** missing separator.  Stop.
awalley1@remote00:~/i220a/submit/lab1/exercises/2-err$ vim m[D[KMakefile 
[m[m[0m[H[2J[50;1H"Makefile" 8L, 90C[2;1Hâ–½[6n[2;1H  [1;1H[1;1H[36mall:[0m
[1m[37m[41m                echo "hello $$USER"[0m


[33m.PHONY:[0m[9Ccount-bin
[36mcount-bin:[0m
[31m                cd /usr/bin ;
                ls | wc -l[0m
[1m[34m~                                                                                                                                   [10;1H~                                                                                                                                   [11;1H~                                                                                                                                   [12;1H~                                                                                                                                   [13;1H~                                                                                                                                   [14;1H~                                                                                                                                   [15;1H~                                                                                                                                   [16;1H~                                                                                                                                   [17;1H~                                                                                                                                   [18;1H~                                                                                                                                   [19;1H~                                                                                                                                   [20;1H~                                                                                                                                   [21;1H~                                                                                                                                   [22;1H~                                                                                                                                   [23;1H~                                                                                                                                   [24;1H~                                                                                                                                   [25;1H~                                                                                                                                   [26;1H~                                                                                                                                   [27;1H~                                                                                                                                   [28;1H~                                                                                                                                   [29;1H~                                                                                                                                   [30;1H~                                                                                                                                   [31;1H~                                                                                                                                   [32;1H~                                                                                                                                   [33;1H~                                                                                                                                   [34;1H~                                                                                                                                   [35;1H~                                                                                                                                   [36;1H~                                                                                                                                   [37;1H~                                                                                                                                   [38;1H~                                                                                                                                   [39;1H~                                                                                                                                   [40;1H~                                                                                                                                   [41;1H~                                                                                                                                   [42;1H~                                                                                                                                   [43;1H~                                                                                                                                   [44;1H~                                                                                                                                   [45;1H~                                                                                                                                   [46;1H~                                                                                                                                   [47;1H~                                                                                                                                   [48;1H~                                                                                                                                   [49;1H~                                                                                                                                   [0m[50;115H1,1[11CAll[1;1H[50;105Hj[1;1H[50;105H [2;1H[50;115H2[2;1H[50;105Hk[2;1H[50;105H [1;1H[50;115H1[1;1H[50;105Hj[1;1H[50;105H [2;1H[50;115H2[2;1H[50;105Hj[2;1H[50;105H [3;1H[50;115H3,0-1[3;1H[50;105Hj[3;1H[50;105H [4;1H[50;115H4[4;1H[50;105Hj[4;1H[50;105H [5;1H[50;115H5,1  [5;1H[50;105Hj[5;1H[50;105H [6;1H[50;115H6[6;1H[50;105Hl[6;1H[50;105H [6;2H[50;117H2[6;2H[50;105Hj[6;2H[50;105H [7;8H[50;115H7,1-8[7;8H[50;105Hl[7;8H[50;105H [7;16H[50;117H2-16[7;16H[50;105Hl[7;16H[50;105H [7;17H[50;117H3-17[7;17H[50;105Hl[7;17H[50;105H [7;18H[50;117H4-18[7;18H[50;105Hl[7;18H[50;105H [7;19H[50;117H5-19[7;19H[50;105Hl[7;19H[50;105H [7;20H[50;117H6-20[7;20H[50;105Hl[7;20H[50;105H [7;21H[50;117H7-21[7;21H[50;105Hl[7;21H[50;105H [7;22H[50;117H8-22[7;22H[50;105Hl[7;22H[50;105H [7;23H[50;117H9-23[7;23H[50;105Hl[7;23H[50;105H [7;24H[50;117H10-24[7;24H[50;105Hl[7;24H[50;105H [7;25H[50;118H1-25[7;25H[50;105Hl[7;25H[50;105H [7;26H[50;118H2-26[7;26H[50;105Hl[7;26H[50;105H [7;27H[50;118H3-27[7;27H[50;105Hl[7;27H[50;105H [7;28H[50;118H4-28[7;28H[50;105Hl[7;28H[50;105H [7;29H[50;118H5-29[7;29H[50;105Hl[7;29H[50;105H [7;29H[50;105Hi[7;29H[50;105H [7;29H[50;1H[1m-- INSERT --[0m[50;13H[K[50;115H7,15-29[7CAll[7;29H[50;118H6-30[7;30H[31m [0m[50;118H7-31[7;31H[35m\[0m[50;118H8-32[7;32H[31m\j[0m[50;118H9-33[7;33H[35m\[0m[7;32H[K[50;118H8-32[7;32H[31m\j[0m[50;118H9-33[7;33H[31mk[0m[50;117H20-34[7;34H[7;33H[K[50;117H19-33[7;33H[35m\[0m[7;32H[K[50;118H8-32[7;32H[50;1H[K[7;31H[50;105H^[[7;31H[50;105H  [7;32H[50;115H7,17-31[7CAll[7;31H[50;105H:[7;31H[50;105H[K[50;1H:wq"Makefile" 8L, 92C written
awalley1@remote00:~/i220a/submit/lab1/exercises/2-err$ make count-bin
Makefile:2: *** missing separator.  Stop.
awalley1@remote00:~/i220a/submit/lab1/exercises/2-err$ vim Makefile 
[m[m[0m[H[2J[50;1H"Makefile" 8L, 92C[2;1Hâ–½[6n[2;1H  [1;1H[1;1H[36mall:[0m
[1m[37m[41m                echo "hello $$USER"[0m


[33m.PHONY:[0m[9Ccount-bin
[36mcount-bin:[0m
[31m                cd /usr/bin ; [0m[35m\[0m
[31m                ls | wc -l[0m
[1m[34m~                                                                                                                                   [10;1H~                                                                                                                                   [11;1H~                                                                                                                                   [12;1H~                                                                                                                                   [13;1H~                                                                                                                                   [14;1H~                                                                                                                                   [15;1H~                                                                                                                                   [16;1H~                                                                                                                                   [17;1H~                                                                                                                                   [18;1H~                                                                                                                                   [19;1H~                                                                                                                                   [20;1H~                                                                                                                                   [21;1H~                                                                                                                                   [22;1H~                                                                                                                                   [23;1H~                                                                                                                                   [24;1H~                                                                                                                                   [25;1H~                                                                                                                                   [26;1H~                                                                                                                                   [27;1H~                                                                                                                                   [28;1H~                                                                                                                                   [29;1H~                                                                                                                                   [30;1H~                                                                                                                                   [31;1H~                                                                                                                                   [32;1H~                                                                                                                                   [33;1H~                                                                                                                                   [34;1H~                                                                                                                                   [35;1H~                                                                                                                                   [36;1H~                                                                                                                                   [37;1H~                                                                                                                                   [38;1H~                                                                                                                                   [39;1H~                                                                                                                                   [40;1H~                                                                                                                                   [41;1H~                                                                                                                                   [42;1H~                                                                                                                                   [43;1H~                                                                                                                                   [44;1H~                                                                                                                                   [45;1H~                                                                                                                                   [46;1H~                                                                                                                                   [47;1H~                                                                                                                                   [48;1H~                                                                                                                                   [49;1H~                                                                                                                                   [0m[50;115H7,17-31[7CAll[7;31H[50;105Hj[7;31H[50;105H [8;26H[50;115H8,12-26[8;26H[50;105Hk[8;26H[50;105H [7;31H[50;115H7,17-31[7;31H[50;105Hk[7;31H[50;105H [6;10H[50;115H6,10   [6;10H[50;105Hk[6;10H[50;105H [5;25H[50;115H5,18-25[5;25H[50;105Hk[5;25H[50;105H [4;1H[50;115H4,0-1  [4;1H[50;105Hk[4;1H[50;105H [3;1H[50;115H3[3;1H[50;105Hk[3;1H[50;105H [2;31H[50;115H2,19-31[2;31H[50;105Hi[2;31H[50;105H [2;31H[50;1H[1m-- INSERT --[0m[50;13H[K[50;115H2,19-31[7CAll[2;31H[1m[37m[41mUSER"[0m[2;35H[K[50;118H8-30[2;30H[31m        echo "hello [0m[36m$:[0m[31mUSER"[0m[2;28H[K[50;118H6-23[2;23H[36mU[0m[31mSER"[0m[2;27H[K[50;118H5-22[2;22H[50;1H[K[2;21H[50;105H^[[2;21H[50;105H  [2;22H[50;115H2,14-21[7CAll[2;21H[50;105H:[2;21H[50;105H[K[50;1H:wq"Makefile" 8L, 88C written
awalley1@remote00:~/i220a/submit/lab1/exercises/2-err$ make count-bin
cd /usr/bin ; \
	ls | wc -l
4284
awalley1@remote00:~/i220a/submit/lab1/exercises/2-err$ cd /usr/bin ; ls | wc -l
4284
awalley1@remote00:/usr/bin$ cd ~/s[D[Ki220a/submit/lab1/exercises/2[D[K3-multifile/
awalley1@remote00:~/i220a/submit/lab1/exercises/3-multifile$ ls
main.c	Makefile  quadr.c  quadr.h  README  test.data
awalley1@remote00:~/i220a/submit/lab1/exercises/3-multifile$ make
cc -g -Wall -std=c11   -c -o quadr.o quadr.c
cc -g -Wall -std=c11   -c -o main.o main.c
cc  quadr.o main.o -o quadr
/usr/bin/ld: quadr.o: in function `quadratic_roots':
/home/awalley1/i220a/submit/lab1/exercises/3-multifile/quadr.c:10: undefined reference to `sqrt'
/usr/bin/ld: /home/awalley1/i220a/submit/lab1/exercises/3-multifile/quadr.c:11: undefined reference to `sqrt'
collect2: error: ld returned 1 exit status
make: *** [Makefile:7: quadr] Error 1
awalley1@remote00:~/i220a/submit/lab1/exercises/3-multifile$ vim Makefile 
[m[m[0m[H[2J[50;1H"Makefile" 11L, 173C[2;1Hâ–½[6n[2;1H  [1;1H[1;1H[36mPROJECT [0m= quadr

[36mCFLAGS [0m= -g -Wall -std=c11
[36mLDFLAGS [0m=

[36m$(PROJECT):[0m     quadr.o main.o
[31m                [0m[36m$(CC)[0m[31m [0m[36m$(LDFLAGS)[0m[31m quadr.o main.o -o [0m[36m$@

clean:[0m
[31m                rm -f *.o [0m[36m$(PROJECT)[0m[31m [0m[36m$(PROJECT)[0m[31m.tar.gz[0m

[1m[34m~                                                                                                                                   [13;1H~                                                                                                                                   [14;1H~                                                                                                                                   [15;1H~                                                                                                                                   [16;1H~                                                                                                                                   [17;1H~                                                                                                                                   [18;1H~                                                                                                                                   [19;1H~                                                                                                                                   [20;1H~                                                                                                                                   [21;1H~                                                                                                                                   [22;1H~                                                                                                                                   [23;1H~                                                                                                                                   [24;1H~                                                                                                                                   [25;1H~                                                                                                                                   [26;1H~                                                                                                                                   [27;1H~                                                                                                                                   [28;1H~                                                                                                                                   [29;1H~                                                                                                                                   [30;1H~                                                                                                                                   [31;1H~                                                                                                                                   [32;1H~                                                                                                                                   [33;1H~                                                                                                                                   [34;1H~                                                                                                                                   [35;1H~                                                                                                                                   [36;1H~                                                                                                                                   [37;1H~                                                                                                                                   [38;1H~                                                                                                                                   [39;1H~                                                                                                                                   [40;1H~                                                                                                                                   [41;1H~                                                                                                                                   [42;1H~                                                                                                                                   [43;1H~                                                                                                                                   [44;1H~                                                                                                                                   [45;1H~                                                                                                                                   [46;1H~                                                                                                                                   [47;1H~                                                                                                                                   [48;1H~                                                                                                                                   [49;1H~                                                                                                                                   [0m[50;115H1,1[11CAll[1;1H[50;105Hj[1;1H[50;105H [2;1H[50;115H2,0-1[2;1H[50;105Hk[2;1H[50;105H [1;1H[50;115H1,1  [1;1H[50;105Hj[1;1H[50;105H [2;1H[50;115H2,0-1[2;1H[50;105Hj[2;1H[50;105H [3;1H[50;115H3,1  [3;1H[50;105Hj[3;1H[50;105H [4;1H[50;115H4[4;1H[50;105Hl[4;1H[50;105H [4;2H[50;117H2[4;2H[50;105Hl[4;2H[50;105H [4;3H[50;117H3[4;3H[50;105Hl[4;3H[50;105H [4;4H[50;117H4[4;4H[50;105Hl[4;4H[50;105H [4;5H[50;117H5[4;5H[50;105Hl[4;5H[50;105H [4;6H[50;117H6[4;6H[50;105Hl[4;6H[50;105H [4;7H[50;117H7[4;7H[50;105Hl[4;7H[50;105H [4;8H[50;117H8[4;8H[50;105Hl[4;8H[50;105H [4;9H[50;117H9[4;9H[50;105Hl[4;9H[50;105H [4;10H[50;117H10[4;10H[50;105Hl[4;10H[50;105H [4;10H[50;105Hi[4;10H[50;105H [4;10H[50;1H[1m-- INSERT --[0m[50;13H[K[50;115H4,10[10CAll[4;10H[50;118H1[4;11H-[50;118H2[4;12Hl[50;118H3[4;13Hm[50;118H4[4;14Hj[50;118H5[4;15Hk[50;118H6[4;16H [50;118H5[4;15H [50;118H4[4;14H[50;1H[K[4;13H[50;105H^[[4;13H[50;105H  [4;14H[50;115H4,13[10CAll[4;13H[50;105H:[4;13H[50;105H[K[50;1H:wq"Makefile" 11L, 177C written
awalley1@remote00:~/i220a/submit/lab1/exercises/3-multifile$ make
cc -lm  quadr.o main.o -o quadr
awalley1@remote00:~/i220a/submit/lab1/exercises/3-multifile$ vim Mk[D[Kakefile 
[m[m[0m[H[2J[50;1H"Makefile" 11L, 177C[2;1Hâ–½[6n[2;1H  [1;1H[1;1H[36mPROJECT [0m= quadr

[36mCFLAGS [0m= -g -Wall -std=c11
[36mLDFLAGS [0m= -lm

[36m$(PROJECT):[0m     quadr.o main.o
[31m                [0m[36m$(CC)[0m[31m [0m[36m$(LDFLAGS)[0m[31m quadr.o main.o -o [0m[36m$@

clean:[0m
[31m                rm -f *.o [0m[36m$(PROJECT)[0m[31m [0m[36m$(PROJECT)[0m[31m.tar.gz[0m

[1m[34m~                                                                                                                                   [13;1H~                                                                                                                                   [14;1H~                                                                                                                                   [15;1H~                                                                                                                                   [16;1H~                                                                                                                                   [17;1H~                                                                                                                                   [18;1H~                                                                                                                                   [19;1H~                                                                                                                                   [20;1H~                                                                                                                                   [21;1H~                                                                                                                                   [22;1H~                                                                                                                                   [23;1H~                                                                                                                                   [24;1H~                                                                                                                                   [25;1H~                                                                                                                                   [26;1H~                                                                                                                                   [27;1H~                                                                                                                                   [28;1H~                                                                                                                                   [29;1H~                                                                                                                                   [30;1H~                                                                                                                                   [31;1H~                                                                                                                                   [32;1H~                                                                                                                                   [33;1H~                                                                                                                                   [34;1H~                                                                                                                                   [35;1H~                                                                                                                                   [36;1H~                                                                                                                                   [37;1H~                                                                                                                                   [38;1H~                                                                                                                                   [39;1H~                                                                                                                                   [40;1H~                                                                                                                                   [41;1H~                                                                                                                                   [42;1H~                                                                                                                                   [43;1H~                                                                                                                                   [44;1H~                                                                                                                                   [45;1H~                                                                                                                                   [46;1H~                                                                                                                                   [47;1H~                                                                                                                                   [48;1H~                                                                                                                                   [49;1H~                                                                                                                                   [0m[50;115H4,13[10CAll[4;13H[50;105Hj[4;13H[50;105H [5;1H[50;115H5,0-1[5;1H[50;105Hk[5;1H[50;105H [4;13H[50;115H4,13 [4;13H[50;105Hj[4;13H[50;105H [5;1H[50;115H5,0-1[5;1H[50;105Hj[5;1H[50;105H [6;16H[50;115H6,12-16[6;16H[50;105Hj[6;16H[50;105H [7;16H[50;115H7,2-16 [7;16H[50;105Hj[7;16H[50;105H [8;1H[50;115H8,0-1 [8;1H[50;105Hk[8;1H[50;105H [7;16H[50;115H7,2-16[7;16H[50;105Hl[7;16H[50;105H [7;17H[50;117H3-17[7;17H[50;105Hl[7;17H[50;105H [7;18H[36m[46m([2C)[0m[50;117H4-18[7;18H[50;105Hl[7;18H[50;105H [7;19H[36m(CC)[0m[50;117H5-19[7;19H[50;105Hl[7;19H[50;105H [7;20H[50;117H6-20[7;20H[50;105Hl[7;20H[50;105H [7;21H[36m[46m([2C)[0m[50;117H7-21[7;21H[50;105Hl[7;21H[50;105H [7;22H[36m(CC)[0m[50;117H8-22[7;22H[50;105Hl[7;22H[50;105H [7;23H[50;117H9-23[7;23H[50;105Hl[7;23H[50;105H [7;24H[36m[46m([7C)[0m[50;117H10-24[7;24H[50;105Hh[7;24H[50;105H [7;23H[1C[36m([7C)[0m[50;117H9-23 [7;23H[50;105Hl[7;23H[50;105H [7;24H[36m[46m([7C)[0m[50;117H10-24[7;24H[50;105Hl[7;24H[50;105H [7;25H[36m([7C)[0m[50;118H1-25[7;25H[50;105Hl[7;25H[50;105H [7;26H[50;118H2-26[7;26H[50;105Hl[7;26H[50;105H [7;27H[50;118H3-27[7;27H[50;105Hl[7;27H[50;105H [7;28H[50;118H4-28[7;28H[50;105Hl[7;28H[50;105H [7;29H[50;118H5-29[7;29H[50;105Hl[7;29H[50;105H [7;30H[50;118H6-30[7;30H[50;105Hl[7;30H[50;105H [7;31H[50;118H7-31[7;31H[50;105Hl[7;31H[50;105H [7;32H[7;24H[36m[46m([7C)[0m[50;118H8-32[7;32H[50;105Hl[7;32H[50;105H [7;33H[7;24H[36m([7C)[0m[50;118H9-33[7;33H[50;105Hl[7;33H[50;105H [7;34H[50;117H20-34[7;34H[50;105Hl[7;34H[50;105H [7;35H[50;118H1-35[7;35H[50;105Hl[7;35H[50;105H [7;36H[50;118H2-36[7;36H[50;105Hl[7;36H[50;105H [7;37H[50;118H3-37[7;37H[50;105Hl[7;37H[50;105H [7;38H[50;118H4-38[7;38H[50;105Hl[7;38H[50;105H [7;39H[50;118H5-39[7;39H[50;105Hl[7;39H[50;105H [7;40H[50;118H6-40[7;40H[50;105Hl[7;40H[50;105H [7;41H[50;118H7-41[7;41H[50;105Hl[7;41H[50;105H [7;42H[50;118H8-42[7;42H[50;105Hl[7;42H[50;105H [7;43H[50;118H9-43[7;43H[50;105Hl[7;43H[50;105H [7;44H[50;117H30-44[7;44H[50;105Hl[7;44H[50;105H [7;45H[50;118H1-45[7;45H[50;105Hl[7;45H[50;105H [7;46H[50;118H2-46[7;46H[50;105Hl[7;46H[50;105H [7;47H[50;118H3-47[7;47H[50;105Hl[7;47H[50;105H [7;48H[50;118H4-48[7;48H[50;105Hl[7;48H[50;105H [7;49H[50;118H5-49[7;49H[50;105Hi[7;49H[50;105H [7;49H[50;1H[1m-- INSERT --[0m[50;13H[K[50;115H7,35-49[7CAll[7;49H[36m$-[0m[31mo [0m[36m$@[0m[50;118H6-50[7;50H[36m*[0m[31m-o [0m[36m$@[0m[50;118H7-51[7;51H[36m-[0m[31mo [0m[36m$@[0m[7;55H[K[50;118H6-50[7;50H[36m(-o $@


                rm -f *.o [10C [10C.tar.gz[0m[50;118H7-51[7;51H[36mL-o $@[0m[50;118H8-52[7;52H[36mD-o $@[0m[50;118H9-53[7;53H[36mF-o $@[0m[50;117H40-54[7;54H[36mL-o $@[0m[50;118H1-55[7;55H[36mA-o $@[0m[50;118H2-56[7;56H[36mG-o $@[0m[50;118H3-57[7;57H[36mS-o $@[0m[50;118H4-58[7;58H[36m)[0m[31m-o [0m[36m$@[0m


[31m                rm -f *.o [10C [10C.tar.gz[0m[7;50H[36m[46m([7C)[0m[50;118H5-59[7;59H[31m -o [0m[36m$@[7;50H([7C)[0m[50;118H6-60[7;60H[31mj-o [0m[36m$@[0m[50;118H7-61[7;61H[31mk-o [0m[36m$@[0m[50;118H8-62[7;62H[31m-o [0m[36m$@[0m[7;66H[K[50;118H7-61[7;61H[31m-o [0m[36m$@[0m[7;65H[K[50;118H6-60[7;60H[7;50H[36m[46m([7C)[0m[50;118H5-59[7;59H[50;118H4-58[7;58H[7;50H[36m([7C)[0m[50;118H3-57[7;57H[50;118H2-56[7;56H[50;118H1-55[7;55H[50;118H0-54[7;54H[50;117H39-53[7;53H[50;118H8-52[7;52H[36m[46m([7C)[0m[50;118H7-51[7;51H[50;118H6-50[7;50H[36m([7C)[0m[50;118H5-49[7;49H[50;118H4-48[7;48H[50;118H3-47[7;47H[50;118H2-46[7;46H[50;118H1-45[7;45H[50;118H0-44[7;44H[50;117H29-43[7;43H[50;118H8-42[7;42H[50;118H7-41[7;41H[50;118H6-40[7;40H[50;118H5-39[7;39H[50;118H4-38[7;38H[50;118H3-37[7;37H[50;118H2-36[7;36H[50;118H1-35[7;35H[50;118H0-34[7;34H[7;24H[36m[46m([7C)[0m[50;117H19-33[7;33H[36m[46m [0m[36mquadr.o main.o $(LDFLAGS) -o $@[0m[7;64H[K[10;1H[36m                rm -f *.o [10C [10C.tar.gz[7;24H([7C [0m[50;118H8-32[7;32H[36m quadr.o main.o $(LDFLAGS) -o $@[0m[7;63H[K[50;118H7-31[7;31H[36m quadr.o main.o $(LDFLAGS) -o $@[0m[7;62H[K[50;118H6-30[7;30H[36m quadr.o main.o $(LDFLAGS) -o $@[0m[7;61H[K[50;118H5-29[7;29H[36m quadr.o main.o $(LDFLAGS) -o $@[0m[7;60H[K[50;118H4-28[7;28H[36m quadr.o main.o $(LDFLAGS) -o $@[0m[7;59H[K[50;118H3-27[7;27H[36m quadr.o main.o $(LDFLAGS) -o $@[0m[7;58H[K[50;118H2-26[7;26H[36m quadr.o main.o $(LDFLAGS) -o $@[0m[7;57H[K[50;118H1-25[7;25H[36m [0m[31mquadr.o main.o [0m[36m$(LDFLAGS)[0m[31m -o [0m[36m$@[0m[7;56H[K[10;1H[31m                rm -f *.o [10C [10C.tar.gz[0m[50;118H0-24[7;24H[31m quadr.o main.o [0m[36m$(LDFLAGS)[0m[31m -o [0m[36m$@[0m[7;55H[K[50;117H9-23 [7;23H[31mquadr.o main.o [0m[36m$(LDFLAGS)[0m[31m -o [0m[36m$@[0m[7;54H[K[7;18H[36m[46m([2C)[0m[50;117H8-22[7;22H[36m[46m [0m[36mquadr.o main.o $(LDFLAGS) -o $@[0m[7;53H[K[10;1H[36m                rm -f *.o [10C [10C.tar.gz[7;18H(CC [0m[50;117H7-21[7;21H[36m)[0m[31m quadr.o main.o [0m[36m$(LDFLAGS)[0m[31m -o [0m[36m$@[0m


[31m                rm -f *.o [10C [10C.tar.gz[0m[7;18H[36m[46m([2C)[0m[50;117H8-22[7;22H[50;1H[K[7;21H[50;105H^[[7;21H[50;105H  [7;22H[50;115H7,7-21[8CAll[7;21H[50;105H:[7;21H[50;105H[K[50;1H:wq"Makefile" 11L, 177C written
awalley1@remote00:~/i220a/submit/lab1/exercises/3-multifile$ make
make: 'quadr' is up to date.
awalley1@remote00:~/i220a/submit/lab1/exercises/3-multifile$ ls
main.c	main.o	Makefile  quadr  quadr.c  quadr.h  quadr.o  README  test.data
awalley1@remote00:~/i220a/submit/lab1/exercises/3-multifile$ ./quadr  <[D[K[D[K< test.data 
a = 2, b = 6, c = 4, root1 = -1, root2 = -2
a = 1, b = 5, c = -2, root1 = 0.372281, root2 = -5.37228
a = 2, b = 3, c = 4, root1 = -nan, root2 = -nan
<stdin>:4: must have 3 doubles: bad input line 1 2+ 3
awalley1@remote00:~/i220a/submit/lab1/exercises/3-multifile$ touch quadr.h
awalley1@remote00:~/i220a/submit/lab1/exercises/3-multifile$ ls
main.c	main.o	Makefile  quadr  quadr.c  quadr.h  quadr.o  README  test.data
awalley1@remote00:~/i220a/submit/lab1/exercises/3-multifile$ ls -l
total 64
-rw-r----- 1 awalley1 awalley1  1224 Sep  3 12:41 main.c
-rw-r----- 1 awalley1 awalley1  8616 Sep  3 12:52 main.o
-rw-r----- 1 awalley1 awalley1   177 Sep  3 12:54 Makefile
-rwxr-x--- 1 awalley1 awalley1 20992 Sep  3 12:53 quadr
-rw-r----- 1 awalley1 awalley1   270 Sep  3 12:41 quadr.c
-rw-r----- 1 awalley1 awalley1   155 Sep  3 13:15 quadr.h
-rw-r----- 1 awalley1 awalley1  4000 Sep  3 12:52 quadr.o
-rw-r----- 1 awalley1 awalley1   129 Sep  3 12:41 README
-rw-r----- 1 awalley1 awalley1    28 Sep  3 12:41 test.data
awalley1@remote00:~/i220a/submit/lab1/exercises/3-multifile$ ls -l
total 64
-rw-r----- 1 awalley1 awalley1  1224 Sep  3 12:41 main.c
-rw-r----- 1 awalley1 awalley1  8616 Sep  3 12:52 main.o
-rw-r----- 1 awalley1 awalley1   177 Sep  3 12:54 Makefile
-rwxr-x--- 1 awalley1 awalley1 20992 Sep  3 12:53 quadr
-rw-r----- 1 awalley1 awalley1   270 Sep  3 12:41 quadr.c
-rw-r----- 1 awalley1 awalley1   155 Sep  3 13:15 quadr.h
-rw-r----- 1 awalley1 awalley1  4000 Sep  3 12:52 quadr.o
-rw-r----- 1 awalley1 awalley1   129 Sep  3 12:41 README
-rw-r----- 1 awalley1 awalley1    28 Sep  3 12:41 test.data
awalley1@remote00:~/i220a/submit/lab1/exercises/3-multifile$ mak
bash: mak: command not found
awalley1@remote00:~/i220a/submit/lab1/exercises/3-multifile$ make
make: 'quadr' is up to date.
awalley1@remote00:~/i220a/submit/lab1/exercises/3-multifile$ vim Makefile 
[m[m[0m[H[2J[50;1H"Makefile" 11L, 177C[2;1Hâ–½[6n[2;1H  [1;1H[1;1H[36mPROJECT [0m= quadr

[36mCFLAGS [0m= -g -Wall -std=c11
[36mLDFLAGS [0m= -lm

[36m$(PROJECT):[0m     quadr.o main.o
[31m                [0m[36m$[0m[36m[46m([0m[36mCC[0m[36m[46m)[0m[31m quadr.o main.o [0m[36m$(LDFLAGS)[0m[31m -o [0m[36m$@

clean:[0m
[31m                rm -f *.o [0m[36m$(PROJECT)[0m[31m [0m[36m$(PROJECT)[0m[31m.tar.gz[0m

[1m[34m~                                                                                                                                   [13;1H~                                                                                                                                   [14;1H~                                                                                                                                   [15;1H~                                                                                                                                   [16;1H~                                                                                                                                   [17;1H~                                                                                                                                   [18;1H~                                                                                                                                   [19;1H~                                                                                                                                   [20;1H~                                                                                                                                   [21;1H~                                                                                                                                   [22;1H~                                                                                                                                   [23;1H~                                                                                                                                   [24;1H~                                                                                                                                   [25;1H~                                                                                                                                   [26;1H~                                                                                                                                   [27;1H~                                                                                                                                   [28;1H~                                                                                                                                   [29;1H~                                                                                                                                   [30;1H~                                                                                                                                   [31;1H~                                                                                                                                   [32;1H~                                                                                                                                   [33;1H~                                                                                                                                   [34;1H~                                                                                                                                   [35;1H~                                                                                                                                   [36;1H~                                                                                                                                   [37;1H~                                                                                                                                   [38;1H~                                                                                                                                   [39;1H~                                                                                                                                   [40;1H~                                                                                                                                   [41;1H~                                                                                                                                   [42;1H~                                                                                                                                   [43;1H~                                                                                                                                   [44;1H~                                                                                                                                   [45;1H~                                                                                                                                   [46;1H~                                                                                                                                   [47;1H~                                                                                                                                   [48;1H~                                                                                                                                   [49;1H~                                                                                                                                   [0m[50;115H7,7-21[8CAll[7;21H[50;105Hj[7;21H[50;105H [8;1H[7;18H[36m(CC)[0m[50;115H8,0-1 [8;1H[50;105Hk[8;1H[50;105H [7;21H[36m[46m([2C)[0m[50;115H7,7-21[7;21H[50;105Hk[7;21H[50;105H [6;21H[7;18H[36m(CC)[0m[50;115H6,17-21[6;21H[50;105Hj[6;21H[50;105H [7;21H[36m[46m([2C)[0m[50;115H7,7-21 [7;21H[50;105Hj[7;21H[50;105H [8;1H[7;18H[36m(CC)[0m[50;115H8,0-1 [8;1H[50;105Hj[8;1H[50;105H [9;6H[50;115H9,6  [9;6H[50;105Hj[9;6H[50;105H [10;21H[50;115H10,7-21[10;21H[50;105Hk[10;21H[50;105H [9;6H[50;115H9,6    [9;6H[50;105Hk[9;6H[50;105H [8;1H[50;115H8,0-1[8;1H[50;105Hi[8;1H[50;105H [8;1H[50;1H[1m-- INSERT --[0m[50;13H[K[50;115H8,1[11CAll[8;1Hd[50;117H2[8;2He[50;117H3[8;3Hp[50;117H4[8;4He[50;117H5[8;5Hn[50;117H6[8;6Hd[50;117H7[8;7H[36mdepend:[0m[50;117H8[8;8H[49;1H[K[9;1H[L[9;1H[31m        [0m[50;1H[1m-- INSERT --[0m[102C9,2-9[9CAll[9;9H[31m        [0m[50;117H3-17[9;17H[31m$[0m[50;117H4-18[9;18H[36m$(

                rm -f *.o [10C [10C.tar.gz[0m[50;117H5-19[9;19H[36mC[0m[50;117H6-20[9;20H[36mC[0m[50;117H7-21[9;21H[36m)[0m

[31m                rm -f *.o [10C [10C.tar.gz[0m[9;18H[36m[46m([2C)[0m[50;117H8-22[9;22H[31m [0m[36m(CC)[0m[50;117H9-23[9;23H[31m-[0m[50;117H10-24[9;24H[31mm[0m[50;118H1-25[9;25H[9;24H[K[50;118H0-24[9;24H[31mM[0m[50;118H1-25[9;25H[31mM[0m[50;118H2-26[9;26H[31m [0m[50;118H3-27[9;27H[31m$[0m[50;118H4-28[9;28H[36m$(

                rm -f *.o [10C [10C.tar.gz[0m[50;118H5-29[9;29H[36mC[0m[50;118H6-30[9;30H[36mP[0m[50;118H7-31[9;31H[36mP[0m[50;118H8-32[9;32H[36mF[0m[50;118H9-33[9;33H[36mL[0m[50;117H20-34[9;34H[36mA[0m[50;118H1-35[9;35H[36mG[0m[50;118H2-36[9;36H[36mS[0m[50;118H3-37[9;37H[36m)[0m

[31m                rm -f *.o [10C [10C.tar.gz[0m[9;28H[36m[46m([8C)[0m[50;118H4-38[9;38H[31m [0m[9;28H[36m([8C)[0m[50;118H5-39[9;39H[31m*[0m[50;118H6-40[9;40H[31m.[0m[50;118H7-41[9;41H[31mc[0m[50;118H8-42[9;42H[49;1H[K[10;1H[L[10;1H[31m                [0m[50;1H[1m-- INSERT --[0m[102C10,3-17[7CAll[10;17H[10;9H[K[50;118H2-9 [10;9H[10;1H[K[50;118H1  [10;1H[9;1H[M[9;1H[31m                [0m[36m$(CC)[0m[31m -MM [0m[36m$(CPPFLAGS)[0m[31m *.c[0m[49;1H[1m[34m~                                                                                                                                   [0m[50;1H[1m-- INSERT --[0m[102C9,28-42[7CAll[9;42H[50;1H[K[9;41H[50;105H^[[9;41H[50;105H  [9;42H[50;115H9,27-41[7CAll[9;41H[50;105H:[9;41H[50;105H[K[50;1H:wq"Makefile" 12L, 212C written
awalley1@remote00:~/i220a/submit/lab1/exercises/3-multifile$ make depend
cc -MM  *.c
main.o: main.c quadr.h
quadr.o: quadr.c quadr.h
awalley1@remote00:~/i220a/submit/lab1/exercises/3-multifile$ vi Makefile 
[m[m[0m[H[2J[50;1H"Makefile" 12L, 212C[2;1Hâ–½[6n[2;1H  [1;1H[1;1H[36mPROJECT [0m= quadr

[36mCFLAGS [0m= -g -Wall -std=c11
[36mLDFLAGS [0m= -lm

[36m$(PROJECT):[0m     quadr.o main.o
[31m                [0m[36m$(CC)[0m[31m quadr.o main.o [0m[36m$(LDFLAGS)[0m[31m -o [0m[36m$@
depend:[0m
[31m                [0m[36m$(CC)[0m[31m -MM [0m[36m$(CPPFLAGS)[0m[31m *.c[0m
[36mclean:[0m
[31m                rm -f *.o [0m[36m$(PROJECT)[0m[31m [0m[36m$(PROJECT)[0m[31m.tar.gz[0m

[1m[34m~                                                                                                                                   [14;1H~                                                                                                                                   [15;1H~                                                                                                                                   [16;1H~                                                                                                                                   [17;1H~                                                                                                                                   [18;1H~                                                                                                                                   [19;1H~                                                                                                                                   [20;1H~                                                                                                                                   [21;1H~                                                                                                                                   [22;1H~                                                                                                                                   [23;1H~                                                                                                                                   [24;1H~                                                                                                                                   [25;1H~                                                                                                                                   [26;1H~                                                                                                                                   [27;1H~                                                                                                                                   [28;1H~                                                                                                                                   [29;1H~                                                                                                                                   [30;1H~                                                                                                                                   [31;1H~                                                                                                                                   [32;1H~                                                                                                                                   [33;1H~                                                                                                                                   [34;1H~                                                                                                                                   [35;1H~                                                                                                                                   [36;1H~                                                                                                                                   [37;1H~                                                                                                                                   [38;1H~                                                                                                                                   [39;1H~                                                                                                                                   [40;1H~                                                                                                                                   [41;1H~                                                                                                                                   [42;1H~                                                                                                                                   [43;1H~                                                                                                                                   [44;1H~                                                                                                                                   [45;1H~                                                                                                                                   [46;1H~                                                                                                                                   [47;1H~                                                                                                                                   [48;1H~                                                                                                                                   [49;1H~                                                                                                                                   [0m[50;115H9,27-41[7CAll[9;41H[50;105Hj[9;41H[50;105H [10;6H[50;115H10,6   [10;6H[50;105Hj[10;6H[50;105H [11;41H[50;116H1,27-41[11;41H[50;105Hj[11;41H[50;105H [12;1H[50;116H2,0-1  [12;1H[50;105H#[12;1H[50;1H[1m[37m[41mE348: No string under cursor[0m[50;105H[K[12;1H[50;115H12,0-1[8CAll[12;1H[50;105Hi[12;1H[50;105H [12;1H[50;1H[1m-- INSERT --[0m[50;13H[K[50;115H12,1[10CAll[12;1H[34m#[0m[50;118H2[12;2H[34ma[0m[50;118H3[12;3H[34mu[0m[50;118H4[12;4H[34mt[0m[50;118H5[12;5H[34mo[0m[50;118H6[12;6H[34mm[0m[50;118H7[12;7H[34ma[0m[50;118H8[12;8H[34mt[0m[50;118H9[12;9H[34mi[0m[50;118H10[12;10H[34mc[0m[50;119H1[12;11H[34ma[0m[50;119H2[12;12H[34ml[0m[50;119H3[12;13H[34ml[0m[50;119H4[12;14H[34my[0m[50;119H5[12;15H[34m [0m[50;119H6[12;16H[34mg[0m[50;119H7[12;17H[34me[0m[50;119H8[12;18H[34mn[0m[50;119H9[12;19H[34me[0m[50;118H20[12;20H[34mr[0m[50;119H1[12;21H[34ma[0m[50;119H2[12;22H[34mt[0m[50;119H3[12;23H[34me[0m[50;119H4[12;24H[34md[0m[50;119H5[12;25H[34m [0m[50;119H6[12;26H[34md[0m[50;119H7[12;27H[34me[0m[50;119H8[12;28H[34mp[0m[50;119H9[12;29H[34me[0m[50;118H30[12;30H[34mn[0m[50;119H1[12;31H[34md[0m[50;119H2[12;32H[34me[0m[50;119H3[12;33H[34mn[0m[50;119H4[12;34H[34mc[0m[50;119H5[12;35H[34mi[0m[50;119H6[12;36H[34me[0m[50;119H7[12;37H[34ms[0m[50;119H8[12;38H[34m [0m[50;119H9[12;39H[34mp[0m[50;118H40[12;40H[34mr[0m[50;119H1[12;41H[34mo[0m[50;119H2[12;42H[34md[0m[50;119H3[12;43H[34mu[0m[50;119H4[12;44H[34mc[0m[50;119H5[12;45H[34me[0m[50;119H6[12;46H[34md[0m[50;119H7[12;47H[34m [0m[50;119H8[12;48H[34mb[0m[50;119H9[12;49H[34my[0m[50;118H50[12;50H[34m [0m[50;119H1[12;51H[34mm[0m[50;119H2[12;52H[34ma[0m[50;119H3[12;53H[34mk[0m[50;119H4[12;54H[34me[0m[50;119H5[12;55H[34m [0m[50;119H6[12;56H[34md[0m[50;119H7[12;57H[34me[0m[50;119H8[12;58H[34mp[0m[50;119H9[12;59H[34me[0m[50;118H60[12;60H[34mn[0m[50;119H1[12;61H[34md[0m[50;119H2[12;62H[13;1H[K[50;116H3,1 [13;1H[36mmain.o:[0m main.c quadr.h
[31m        quadr.o: quadr.c quadr.h[0m[14;33H[K[50;116H4,26-33[14;33H[31mj[0m[50;119H7-34[14;34H[31mk[0m[50;119H8-35[14;35H[14;34H[K[50;119H7-34[14;34H[14;33H[K[50;119H6-33[14;33H[50;1H[K[14;32H[50;105H^[[14;32H[50;105H  [14;33H[50;115H14,25-32      All[14;32H[50;105HH[14;32H[50;105H [1;1H[50;116H,1     [1;1H[50;105Hj[1;1H[50;105H [2;1H[50;115H2,0-1[2;1H[50;105Hk[2;1H[50;105H [1;1H[50;115H1,1  [1;1H[50;105Hj[1;1H[50;105H [2;1H[50;115H2,0-1[2;1H[50;105Hj[2;1H[50;105H [3;1H[50;115H3,1  [3;1H[50;105Hj[3;1H[50;105H [4;1H[50;115H4[4;1H[50;105Hj[4;1H[50;105H [5;1H[50;115H5,0-1[5;1H[50;105Hj[5;1H[50;105H [6;1H[50;115H6,1  [6;1H[50;105Hj[6;1H[50;105H [7;8H[50;115H7,1-8[7;8H[50;105Hj[7;8H[50;105H [8;1H[50;115H8,1  [8;1H[50;105Hj[8;1H[50;105H [9;8H[50;115H9,1-8[9;8H[50;105Hj[9;8H[50;105H [10;1H[50;115H10,1 [10;1H[50;105Hj[10;1H[50;105H [11;8H[50;116H1,1-8[11;8H[50;105Hj[11;8H[50;105H [12;1H[50;116H2,1  [12;1H[50;105Hj[12;1H[50;105H [13;1H[50;116H3[13;1H[50;105Hj[13;1H[50;105H [14;8H[50;116H4,1-8[14;8H[50;105Hj[14;8H[50;105H [14;8H[50;105Hj[14;8H[50;105H [14;8H[50;105Hl[14;8H[50;105H [14;9H[50;118H2-9[14;9H[50;105Hi[14;9H[50;105H [14;9H[50;1H[1m-- INSERT --[0m[50;115H[K[50;115H14,2-9[8CAll[14;9H[36mquadr.o:[0m quadr.c quadr.h[14;25H[K[50;118H1  [14;1H[13;23Hquadr.o: quadr.c quadr.h
[1m[34m~                                                                                                                                   [0m[50;116H3,23[13;23H[13;23H[K[14;1H[36mquadr.o:[0m quadr.c quadr.h[14;25H[K[50;116H4,1 [14;1H[50;1H[K[14;1H[50;105H^[[14;1H[50;105H  [14;1H[50;115H14,1[10CAll[14;1H[50;105H:[14;1H[50;105H[K[50;1H:wq"Makefile" 14L, 321C written
awalley1@remote00:~/i220a/submit/lab1/exercises/3-multifile$ make
cc -g -Wall -std=c11   -c -o quadr.o quadr.c
cc -g -Wall -std=c11   -c -o main.o main.c
cc quadr.o main.o -lm  -o quadr
awalley1@remote00:~/i220a/submit/lab1/exercises/3-multifile$ vi Makefile 
[m[m[0m[H[2J[50;1H"Makefile" 14L, 321C[2;1Hâ–½[6n[2;1H  [1;1H[1;1H[36mPROJECT [0m= quadr

[36mCFLAGS [0m= -g -Wall -std=c11
[36mLDFLAGS [0m= -lm

[36m$(PROJECT):[0m     quadr.o main.o
[31m                [0m[36m$(CC)[0m[31m quadr.o main.o [0m[36m$(LDFLAGS)[0m[31m -o [0m[36m$@
depend:[0m
[31m                [0m[36m$(CC)[0m[31m -MM [0m[36m$(CPPFLAGS)[0m[31m *.c[0m
[36mclean:[0m
[31m                rm -f *.o [0m[36m$(PROJECT)[0m[31m [0m[36m$(PROJECT)[0m[31m.tar.gz[0m
[34m#automatically generated dependencies produced by make depend[0m
[36mmain.o:[0m main.c quadr.h
[36mquadr.o:[0m quadr.c quadr.h
[1m[34m~                                                                                                                                   [16;1H~                                                                                                                                   [17;1H~                                                                                                                                   [18;1H~                                                                                                                                   [19;1H~                                                                                                                                   [20;1H~                                                                                                                                   [21;1H~                                                                                                                                   [22;1H~                                                                                                                                   [23;1H~                                                                                                                                   [24;1H~                                                                                                                                   [25;1H~                                                                                                                                   [26;1H~                                                                                                                                   [27;1H~                                                                                                                                   [28;1H~                                                                                                                                   [29;1H~                                                                                                                                   [30;1H~                                                                                                                                   [31;1H~                                                                                                                                   [32;1H~                                                                                                                                   [33;1H~                                                                                                                                   [34;1H~                                                                                                                                   [35;1H~                                                                                                                                   [36;1H~                                                                                                                                   [37;1H~                                                                                                                                   [38;1H~                                                                                                                                   [39;1H~                                                                                                                                   [40;1H~                                                                                                                                   [41;1H~                                                                                                                                   [42;1H~                                                                                                                                   [43;1H~                                                                                                                                   [44;1H~                                                                                                                                   [45;1H~                                                                                                                                   [46;1H~                                                                                                                                   [47;1H~                                                                                                                                   [48;1H~                                                                                                                                   [49;1H~                                                                                                                                   [0m[50;115H14,1[10CAll[14;1H[50;105Hj[14;1H[50;105H [14;1H[50;105Hj[14;1H[50;105H [14;1H[50;105Hk[14;1H[50;105H [13;1H[50;116H3[13;1H[50;105Hk[13;1H[50;105H [12;1H[50;116H2[12;1H[50;105Hj[12;1H[50;105H [13;1H[50;116H3[13;1H[50;105Hk[13;1H[50;105H [12;1H[50;116H2[12;1H[50;105Hj[12;1H[50;105H [13;1H[50;116H3[13;1H[50;105Hk[13;1H[50;105H [12;1H[50;116H2[12;1H[50;105Hj[12;1H[50;105H [13;1H[50;116H3[13;1H[50;105Hk[13;1H[50;105H [12;1H[50;116H2[12;1H[50;105Hk[12;1H[50;105H [11;8H[50;116H1,1-8[11;8H[50;105Hk[11;8H[50;105H [10;1H[50;116H0,1  [10;1H[50;105Hk[10;1H[50;105H [9;8H[50;115H9,1-8[9;8H[50;105Hk[9;8H[50;105H [8;1H[50;115H8,1  [8;1H[50;105Hk[8;1H[50;105H [7;8H[50;115H7,1-8[7;8H[50;105Hk[7;8H[50;105H [6;1H[50;115H6,1  [6;1H[50;105Hk[6;1H[50;105H [5;1H[50;115H5,0-1[5;1H[50;105Hk[5;1H[50;105H [4;1H[50;115H4,1  [4;1H[50;105Hj[4;1H[50;105H [5;1H[50;115H5,0-1[5;1H[50;105Hi[5;1H[50;105H [5;1H[50;1H[1m-- INSERT --[0m[50;13H[K[50;115H5,1[11CAll[5;1HS[50;117H2[5;2HR[50;117H3[5;3HC[50;117H4[5;4H_[50;117H5[5;5HF[50;117H6[5;6HI[50;117H7[5;7HL[50;117H8[5;8HE[50;117H9[5;9HS[50;117H10[5;10H[50;118H1[5;11H[36mSRC_FILES [0m=[50;118H2[5;12H[50;118H3[5;13H[50;118H2[5;12HSRC_FILES [5;11H[K[50;118H1[5;11H[50;118H0[5;10H[5;9H[K[50;117H9 [5;9H[5;8H[K[50;117H8[5;8H[5;7H[K[50;117H7[5;7H[5;6H[K[50;117H6[5;6H[5;5H[K[50;117H5[5;5H[5;4H[K[50;117H4[5;4H[5;3H[K[50;117H3[5;3H[5;2H[K[50;117H2[5;2H[5;1H[K[50;117H1[5;1H[50;1H[K[5;1H[50;105H^[[5;1H[50;105H  [5;1H[50;115H5,0-1[9CAll[5;1H[50;105Hk[5;1H[50;105H [4;1H[50;115H4,1  [4;1H[50;105Hk[4;1H[50;105H [3;1H[50;115H3[3;1H[50;105Hk[3;1H[50;105H [2;1H[50;115H2,0-1[2;1H[50;105Hi[2;1H[50;105H [2;1H[50;1H[1m-- INSERT --[0m[50;115H[K[50;115H2,1[11CAll[2;1HS[50;117H2[2;2HC[50;117H3[2;3H_[50;117H4[2;4H[2;3H[K[50;117H3[2;3H[2;2H[K[50;117H2[2;2HR[50;117H3[2;3HC[50;117H4[2;4H)[50;117H5[2;5H[2;4H[K[50;117H4[2;4H_[50;117H5[2;5HF[50;117H6[2;6HI[50;117H7[2;7HL[50;117H8[2;8HE[50;117H9[2;9HS[50;117H10[2;10H[50;118H1[2;11H[36mSRC_FILES [0m=[50;118H2[2;12H[50;118H3[2;13Hm[50;118H4[2;14Ha[50;118H5[2;15Hi[50;118H6[2;16Hn[50;118H7[2;17H.[50;118H8[2;18Hc[50;118H9[2;19H[50;117H20[2;20Hq[50;118H1[2;21Hu[50;118H2[2;22Ha[50;118H3[2;23Hd[50;118H4[2;24Hr[50;118H5[2;25H.[50;118H6[2;26Hc[50;118H7[2;27H[50;1H[K[2;26H[50;105H^[[2;26H[50;105H  [2;27H[50;115H2,26[10CAll[2;26H[50;105H:[2;26H[50;105H[K[50;1H:wq"Makefile" 14L, 347C written
awalley1@remote00:~/i220a/submit/lab1/exercises/3-multifile$ ls
main.c	main.o	Makefile  quadr  quadr.c  quadr.h  quadr.o  README  test.data
awalley1@remote00:~/i220a/submit/lab1/exercises/3-multifile$ vim Makefile 
[m[m[0m[H[2J[50;1H"Makefile" 14L, 347C[2;1Hâ–½[6n[2;1H  [1;1H[1;1H[36mPROJECT [0m= quadr
[36mSRC_FILES [0m= main.c quadr.c
[36mCFLAGS [0m= -g -Wall -std=c11
[36mLDFLAGS [0m= -lm

[36m$(PROJECT):[0m     quadr.o main.o
[31m                [0m[36m$(CC)[0m[31m quadr.o main.o [0m[36m$(LDFLAGS)[0m[31m -o [0m[36m$@
depend:[0m
[31m                [0m[36m$(CC)[0m[31m -MM [0m[36m$(CPPFLAGS)[0m[31m *.c[0m
[36mclean:[0m
[31m                rm -f *.o [0m[36m$(PROJECT)[0m[31m [0m[36m$(PROJECT)[0m[31m.tar.gz[0m
[34m#automatically generated dependencies produced by make depend[0m
[36mmain.o:[0m main.c quadr.h
[36mquadr.o:[0m quadr.c quadr.h
[1m[34m~                                                                                                                                   [16;1H~                                                                                                                                   [17;1H~                                                                                                                                   [18;1H~                                                                                                                                   [19;1H~                                                                                                                                   [20;1H~                                                                                                                                   [21;1H~                                                                                                                                   [22;1H~                                                                                                                                   [23;1H~                                                                                                                                   [24;1H~                                                                                                                                   [25;1H~                                                                                                                                   [26;1H~                                                                                                                                   [27;1H~                                                                                                                                   [28;1H~                                                                                                                                   [29;1H~                                                                                                                                   [30;1H~                                                                                                                                   [31;1H~                                                                                                                                   [32;1H~                                                                                                                                   [33;1H~                                                                                                                                   [34;1H~                                                                                                                                   [35;1H~                                                                                                                                   [36;1H~                                                                                                                                   [37;1H~                                                                                                                                   [38;1H~                                                                                                                                   [39;1H~                                                                                                                                   [40;1H~                                                                                                                                   [41;1H~                                                                                                                                   [42;1H~                                                                                                                                   [43;1H~                                                                                                                                   [44;1H~                                                                                                                                   [45;1H~                                                                                                                                   [46;1H~                                                                                                                                   [47;1H~                                                                                                                                   [48;1H~                                                                                                                                   [49;1H~                                                                                                                                   [0m[50;115H2,26[10CAll[2;26H[50;105Hi[2;26H[50;105H [2;26H[50;1H[1m-- INSERT --[0m[50;13H[K[50;115H2,26[10CAll[2;26H[50;118H7[2;27H[50;118H8[2;28H[35m\[0m[50;118H9[2;29H[49;1H[K[3;1H[L[3;1H[35m            [0m[50;1H[1m-- INSERT --[0m[102C3,6-13[8CAll[3;13HR[50;117H7-14[3;14HE[50;117H8-15[3;15HA[50;117H9-16[3;16HD[50;117H10-17[3;17HM[50;118H1-18[3;18HE[50;118H2-19[3;19H[50;118H3-20[3;20H[35m\[0m[50;118H4-21[3;21H[49;1H[K[4;1H[L[4;1H[35m            [0m[50;1H[1m-- INSERT --[0m[102C4,6-13[8CAll[4;13HM[50;117H7-14[4;14H[4;13H[K[50;117H6-13[4;13Ht[50;117H7-14[4;14He[50;117H8-15[4;15Hs[50;117H9-16[4;16Ht[50;117H10-17[4;17H.[50;118H1-18[4;18Hd[50;118H2-19[4;19Ha[50;118H3-20[4;20Hr[50;118H4-21[4;21Ha[50;118H5-22[4;22H[4;21H[K[50;118H4-21[4;21H[4;20H[K[50;118H3-20[4;20Ht[50;118H4-21[4;21Ha[50;118H5-22[4;22H[50;118H6-23[4;23H[35m\[0m[50;118H7-24[4;24H[49;1H[K[5;1H[L[5;1H[35m            [0m[50;1H[1m-- INSERT --[0m[102C5,6-13[8CAll[5;13HM[50;117H7-14[5;14Ha[50;117H8-15[5;15Hk[50;117H9-16[5;16He[50;117H10-17[5;17Hf[50;118H1-18[5;18Hu[50;118H2-19[5;19Hl[50;118H3-20[5;20He[50;118H4-21[5;21H[5;20H[K[50;118H3-20[5;20H[5;19H[K[50;118H2-19[5;19H[5;18H[K[50;118H1-18[5;18Hi[50;118H2-19[5;19Hl[50;118H3-20[5;20He[50;118H4-21[5;21H[50;1H[K[5;20H[50;105H^[[5;20H[50;105H  [5;21H[50;115H5,13-20[7CAll[5;20H[50;105Hj[5;20H[50;105H [6;20H[50;115H6,20   [6;20H[50;105Hj[6;20H[50;105H [7;14H[50;115H7,14[7;14H[50;105Hj[7;14H[50;105H [8;1H[50;115H8,0-1[8;1H[50;105Hj[8;1H[50;105H [9;20H[50;115H9,16-20[9;20H[50;105Hj[9;20H[50;105H [10;20H[50;115H10,[10;20H[50;105Hj[10;20H[50;105H [11;7H[50;116H1,7   [11;7H[50;105Hj[11;7H[50;105H [12;20H[50;116H2,6-20[12;20H[50;105Hj[12;20H[50;105H [13;6H[50;116H3,6   [13;6H[50;105Hj[13;6H[50;105H [14;20H[50;116H4,6-20[14;20H[50;105Hj[14;20H[50;105H [15;20H[50;116H5,20  [15;20H[50;105Hk[15;20H[50;105H [14;20H[50;116H4,6-20[14;20H[50;105Ha[14;20H[50;105H [14;21H[50;1H[1m-- INSERT --[0m[50;115H[K[50;115H14,7-21[7CAll[14;21H[50;1H[K[14;20H[50;105H^[[14;20H[50;105H  [14;21H[50;115H14,6-20[7CAll[14;20H[50;105Hi[14;20H[50;105H [14;20H[50;1H[1m-- INSERT --[0m[50;115H[K[50;115H14,6-20[7CAll[14;20H[50;1H[K[14;19H[50;105H^[[14;19H[50;105H  [14;20H[50;115H14,5-19[7CAll[14;19H[50;105Ho[14;19H[50;105H [15;17H[50;1H[1m-- INSERT --[0m[50;115H[K[50;115H15,3-17[7CTop[49;1H[K[15;1H[L[15;1H[31m                [0m[50;1H[1m-- INSERT --[0m[102C15,3-17[7CAll[15;17H[15;9H[K[50;118H2-9 [15;9H[15;1H[K[50;118H1  [15;1Hd[50;118H2[15;2Hi[50;118H3[15;3Hs[50;118H4[15;4Ht[50;118H5[15;5H[36mdist:[0m[50;118H6[15;6H[36m [0m[50;118H7[15;7H[15;6H[K[50;118H6[15;6H[36m   [0m[50;118H7-9[15;9H[36m        [0m[50;118H8-17[15;17H[15;6H           $[50;118H9-18[15;18H[36m$([0m[50;118H10-19[15;19H[36mP[0m[50;119H1-20[15;20H[36mR[0m[50;119H2-21[15;21H[36mO[0m[50;119H3-22[15;22H[36mJ[0m[50;119H4-23[15;23H[36mE[0m[50;119H5-24[15;24H[36mC[0m[50;119H6-25[15;25H[36mT[0m[50;119H7-26[15;26H[36m)[0m[15;18H[36m[46m([7C)[0m[50;119H8-27[15;27H.[15;18H[36m([7C)[0m[50;119H9-28[15;28HT[50;118H20-29[15;29HA[50;119H1-30[15;30HR[50;119H2-31[15;31H.[50;119H3-32[15;32H[15;31H[K[50;119H2-31[15;31H[15;30H[K[50;119H1-30[15;30H[15;29H[K[50;119H0-29[15;29H[15;28H[K[50;118H19-28[15;28Ht[50;118H20-29[15;29Ha[50;119H1-30[15;30Hr[50;119H2-31[15;31H.[50;119H3-32[15;32Hg[50;119H4-33[15;33Hz[50;119H5-34[15;34H[49;1H[K[16;1H[L[16;1H[31m        [0m[50;1H[1m-- INSERT --[0m[102C16,2-9[8CAll[16;9H[16;1H[K[50;118H1  [16;1H$[50;118H2[16;2H[36m$(
#automatically generated dependencies produced by make depend[18;8H main.c quadr.h[19;9H quadr.c quadr.h[0m[50;118H3[16;3H[36mP[0m[50;118H4[16;4H[36mR[0m[50;118H5[16;5H[36mO[0m[50;118H6[16;6H[36mJ[0m[50;118H7[16;7H[36mE[0m[50;118H8[16;8H[36mC[0m[50;118H9[16;9H[36mT[0m[50;118H10[16;10H[36m)[0m
[34m#automatically generated dependencies produced by make depend[0m[18;8H main.c quadr.h[19;9H quadr.c quadr.h[16;2H[36m[46m([7C)[0m[50;119H1[16;11H.[16;2H[36m([7C)[0m[50;119H2[16;12Ht[50;119H3[16;13Ha[50;119H4[16;14Hr[50;119H5[16;15H.[50;119H6[16;16Hg[50;119H7[16;17Hz[50;119H8[16;18H[16;11H[36m.tar.gz:[0m[50;119H9[16;19H[36m      [0m[50;118H20-25[16;25H      $[50;119H1-26[16;26H[36m$([0m[50;119H2-27[16;27H[36mS[0m[50;119H3-28[16;28H[36mR[0m[50;119H4-29[16;29H[36mC[0m[50;119H5-30[16;30H[36m_[0m[50;119H6-31[16;31H[36mF[0m[50;119H7-32[16;32H[36mI[0m[50;119H8-33[16;33H[36mL[0m[50;119H9-34[16;34H[36mE[0m[50;118H30-35[16;35H[36mS[0m[50;119H1-36[16;36H[36m)[0m[16;26H[36m[46m([9C)[0m[50;119H2-37[16;37H[49;1H[K[17;1H[L[17;1H[31m        [0m[50;1H[1m-- INSERT --[0m[102C17,2-9[8CAll[16;26H[36m([9C)[17;9H[0m[31m        [0m[50;118H3-17[17;17H[31m        [0m[50;118H4-25[17;25H[31mT[0m[50;118H5-26[17;26H[31mA[0m[50;118H6-27[17;27H[17;26H[K[50;118H5-26[17;26H[17;25H[K[50;118H4-25[17;25H[31ma[0m[50;118H5-26[17;26H[31mr[0m[50;118H6-27[17;27H[17;26H[K[50;118H5-26[17;26H[17;25H[K[50;118H4-25[17;25H[31mt[0m[50;118H5-26[17;26H[31ma[0m[50;118H6-27[17;27H[31mr[0m[50;118H7-28[17;28H[31m [0m[50;118H8-29[17;29H[31m-[0m[50;118H9-30[17;30H[31mc[0m[50;118H10-31[17;31H[31mf[0m[50;119H1-32[17;32H[31m [0m[50;119H2-33[17;33H[31m$[0m[50;119H3-34[17;34H[36m$(
#automatically generated dependencies produced by make depend[19;8H main.c quadr.h[20;9H quadr.c quadr.h[0m[50;119H4-35[17;35H[36mP[0m[50;119H5-36[17;36H[36mR[0m[50;119H6-37[17;37H[36mO[0m[50;119H7-38[17;38H[36mJ[0m[50;119H8-39[17;39H[36mE[0m[50;119H9-40[17;40H[36mC[0m[50;118H20-41[17;41H[36mT[0m[50;119H1-42[17;42H[36m)[0m
[34m#automatically generated dependencies produced by make depend[0m[19;8H main.c quadr.h[20;9H quadr.c quadr.h[17;34H[36m[46m([7C)[0m[50;119H2-43[17;43H[31m.[0m[17;34H[36m([7C)[0m[50;119H3-44[17;44H[31mt[0m[50;119H4-45[17;45H[31ma[0m[50;119H5-46[17;46H[31mr[0m[50;119H6-47[17;47H[31m [0m[50;119H7-48[17;48H[31m$[0m[50;119H8-49[17;49H[36m$(
#automatically generated dependencies produced by make depend[19;8H main.c quadr.h[20;9H quadr.c quadr.h[0m[50;119H9-50[17;50H[36mS[0m[50;118H30-51[17;51H[36mR[0m[50;119H1-52[17;52H[36mC[0m[50;119H2-53[17;53H[36m_[0m[50;119H3-54[17;54H[36mF[0m[50;119H4-55[17;55H[36mI[0m[50;119H5-56[17;56H[36mL[0m[50;119H6-57[17;57H[36mE[0m[50;119H7-58[17;58H[36mS[0m[50;119H8-59[17;59H[36m)[0m
[34m#automatically generated dependencies produced by make depend[0m[19;8H main.c quadr.h[20;9H quadr.c quadr.h[17;49H[36m[46m([9C)[0m[50;119H9-60[17;60H[49;1H[K[18;1H[L[18;1H[31m                        [0m[50;1H[1m-- INSERT --[0m[102C18,4-25[7CAll[17;49H[36m([9C)[18;25H[0m[31mg[0m[50;118H5-26[18;26H[31mz[0m[50;118H6-27[18;27H[31mi[0m[50;118H7-28[18;28H[31mp[0m[50;118H8-29[18;29H[31m [0m[50;118H9-30[18;30H[31m-[0m[50;118H10-31[18;31H[31mf[0m[50;119H1-32[18;32H[31m [0m[50;119H2-33[18;33H[31m$[0m[50;119H3-34[18;34H[36m$(
#automatically generated dependencies produced by make depend[20;8H main.c quadr.h[21;9H quadr.c quadr.h[0m[50;119H4-35[18;35H[36mP[0m[50;119H5-36[18;36H[36mR[0m[50;119H6-37[18;37H[36mO[0m[50;119H7-38[18;38H[36mJ[0m[50;119H8-39[18;39H[36mE[0m[50;119H9-40[18;40H[36mC[0m[50;118H20-41[18;41H[36mT[0m[50;119H1-42[18;42H[36m)[0m
[34m#automatically generated dependencies produced by make depend[0m[20;8H main.c quadr.h[21;9H quadr.c quadr.h[18;34H[36m[46m([7C)[0m[50;119H2-43[18;43H[31m.[0m[18;34H[36m([7C)[0m[50;119H3-44[18;44H[31mt[0m[50;119H4-45[18;45H[31ma[0m[50;119H5-46[18;46H[31mr[0m[50;119H6-47[18;47H[50;1H[K[18;46H[50;105H^[[18;46H[50;105H  [18;47H[50;115H18,25-46      All[18;46H[50;105H;[18;46H[50;105H [18;46H[50;105H:[18;46H[50;105H[K[50;1H:wq"Makefile" 21L, 516C written
awalley1@remote00:~/i220a/submit/lab1/exercises/3-multifile$ make s[D[Kdist
tar -cf quadr.tar main.c quadr.c README test.data Makefile
gzip -f quadr.tar
awalley1@remote00:~/i220a/submit/lab1/exercises/3-multifile$ ls
main.c	main.o	Makefile  quadr  quadr.c  quadr.h  quadr.o  quadr.tar.gz  README  test.data
awalley1@remote00:~/i220a/submit/lab1/exercises/3-multifile$  [D[Kcd temp
bash: cd: temp: No such file or directory
awalley1@remote00:~/i220a/submit/lab1/exercises/3-multifile$ mkdir g[D[Ktp[D[Kemp
awalley1@remote00:~/i220a/submit/lab1/exercises/3-multifile$ tar -xzf ./temp
tar (child): ./temp: Cannot read: Is a directory
tar (child): At beginning of tape, quitting now
tar (child): Error is not recoverable: exiting now

gzip: stdin: unexpected end of file
tar: Child returned status 2
tar: Error is not recoverable: exiting now
awalley1@remote00:~/i220a/submit/lab1/exercises/3-multifile$ tar -xzf ./temp[D[K[D[K[D[K[D[K[D[K[D[K[D[K[D[K[D[K[D[K[D[K[D[K[D[K[D[K[D[Kcd temp
awalley1@remote00:~/i220a/submit/lab1/exercises/3-multifile/temp$ tar -xzf ~/i220a/submit//lab[D[K[D[K[D[K[D[Klab1/exercises/3-multifile/quadr.tar.gz 
awalley1@remote00:~/i220a/submit/lab1/exercises/3-multifile/temp$ ls
main.c	Makefile  quadr.c  README  test.data
awalley1@remote00:~/i220a/submit/lab1/exercises/3-multifile/temp$ make
make: *** No rule to make target 'quadr.h', needed by 'quadr.o'.  Stop.
awalley1@remote00:~/i220a/submit/lab1/exercises/3-multifile/temp$ vim Makefile 
[m[m[0m[H[2J[50;1H"Makefile" 21L, 516C[2;1Hâ–½[6n[2;1H  [1;1H[1;1H[36mPROJECT [0m= quadr
[36mSRC_FILES [0m= main.c quadr.c [35m\
            [0mREADME [35m\
            [0mtest.data [35m\
            [0mMakefile
[36mCFLAGS [0m= -g -Wall -std=c11
[36mLDFLAGS [0m= -lm

[36m$(PROJECT):[0m     quadr.o main.o
[31m                [0m[36m$(CC)[0m[31m quadr.o main.o [0m[36m$(LDFLAGS)[0m[31m -o [0m[36m$@
depend:[0m
[31m                [0m[36m$(CC)[0m[31m -MM [0m[36m$(CPPFLAGS)[0m[31m *.c[0m
[36mclean:[0m
[31m                rm -f *.o [0m[36m$(PROJECT)[0m[31m [0m[36m$(PROJECT)[0m[31m.tar.gz[0m
[36mdist:[11C$(PROJECT)[0m.tar.gz
[36m$(PROJECT).tar.gz:[0m      [36m$(SRC_FILES)[0m
[31m                        tar -cf [0m[36m$(PROJECT)[0m[31m.tar [0m[36m$(SRC_FILES)[0m
[31m                        gzip -f [0m[36m$(PROJECT)[0m[31m.tar[0m
[34m#automatically generated dependencies produced by make depend[0m
[36mmain.o:[0m main.c quadr.h
[36mquadr.o:[0m quadr.c quadr.h
[1m[34m~                                                                                                                                   [23;1H~                                                                                                                                   [24;1H~                                                                                                                                   [25;1H~                                                                                                                                   [26;1H~                                                                                                                                   [27;1H~                                                                                                                                   [28;1H~                                                                                                                                   [29;1H~                                                                                                                                   [30;1H~                                                                                                                                   [31;1H~                                                                                                                                   [32;1H~                                                                                                                                   [33;1H~                                                                                                                                   [34;1H~                                                                                                                                   [35;1H~                                                                                                                                   [36;1H~                                                                                                                                   [37;1H~                                                                                                                                   [38;1H~                                                                                                                                   [39;1H~                                                                                                                                   [40;1H~                                                                                                                                   [41;1H~                                                                                                                                   [42;1H~                                                                                                                                   [43;1H~                                                                                                                                   [44;1H~                                                                                                                                   [45;1H~                                                                                                                                   [46;1H~                                                                                                                                   [47;1H~                                                                                                                                   [48;1H~                                                                                                                                   [49;1H~                                                                                                                                   [0m[50;115H1,1[11CAll[1;1H[50;105Hi[1;1H[50;105H [1;1H[50;1H[1m-- INSERT --[0m[50;13H[K[50;115H1,1[11CAll[1;1H[36mjPROJECT [0m= quadr[50;117H2[1;2H[36mjPROJECT [0m= quadr[50;117H3[1;3H[36mjPROJECT [0m= quadr[50;117H4[1;4H[36mjPROJECT [0m= quadr[50;117H5[1;5H[36mPROJECT [0m= quadr[1;19H[K[50;117H4[1;4H[36mPROJECT [0m= quadr[1;18H[K[50;117H3[1;3H[36mPROJECT [0m= quadr[1;17H[K[50;117H2[1;2H[36mPROJECT [0m= quadr[1;16H[K[50;117H1[1;1H[50;1H[K[1;1H[50;105H^[[1;1H[50;105H  [1;1H[50;115H1,1[11CAll[1;1H[50;105Hj[1;1H[50;105H [2;1H[50;115H2[2;1H[50;105Hj[2;1H[50;105H [3;8H[50;115H3,1-8[3;8H[50;105Hj[3;8H[50;105H [4;8H[50;115H4[4;8H[50;105Hj[4;8H[50;105H [5;8H[50;115H5[5;8H[50;105Hj[5;8H[50;105H [6;1H[50;115H6,1  [6;1H[50;105Hj[6;1H[50;105H [7;1H[50;115H7[7;1H[50;105Hj[7;1H[50;105H [8;1H[50;115H8,0-1[8;1H[50;105Hj[8;1H[50;105H [9;1H[50;115H9,1  [9;1H[50;105Hj[9;1H[50;105H [10;8H[50;115H10,1-8[10;8H[50;105Hj[10;8H[50;105H [11;1H[50;116H1,1  [11;1H[50;105Hj[11;1H[50;105H [12;8H[50;116H2,1-8[12;8H[50;105Hj[12;8H[50;105H [13;1H[50;116H3,1  [13;1H[50;105Hj[13;1H[50;105H [14;8H[50;116H4,1-8[14;8H[50;105Hj[14;8H[50;105H [15;1H[50;116H5,1  [15;1H[50;105Hj[15;1H[50;105H [16;1H[50;116H6[16;1H[50;105Hj[16;1H[50;105H [17;8H[50;116H7,1-8[17;8H[50;105Hk[17;8H[50;105H [16;1H[50;116H6,1  [16;1H[50;105Hl[16;1H[50;105H [16;2H[36m[46m([7C)[0m[50;118H2[16;2H[50;105Hl[16;2H[50;105H [16;3H[36m([7C)[0m[50;118H3[16;3H[50;105Hl[16;3H[50;105H [16;4H[50;118H4[16;4H[50;105Hl[16;4H[50;105H [16;5H[50;118H5[16;5H[50;105Hl[16;5H[50;105H [16;6H[50;118H6[16;6H[50;105Hl[16;6H[50;105H [16;7H[50;118H7[16;7H[50;105Hl[16;7H[50;105H [16;8H[50;118H8[16;8H[50;105Hl[16;8H[50;105H [16;9H[50;118H9[16;9H[50;105Hl[16;9H[50;105H [16;10H[16;2H[36m[46m([7C)[0m[50;118H10[16;10H[50;105Hl[16;10H[50;105H [16;11H[16;2H[36m([7C)[0m[50;119H1[16;11H[50;105HL[16;11H[50;105H [21;1H[50;115H21,1 [21;1H[50;105Hh[21;1H[50;105H [21;1H[50;105Hj[21;1H[50;105H [21;1H[50;105Hj[21;1H[50;105H [21;1H[50;105Hk[21;1H[50;105H [20;1H[50;116H0[20;1H[50;105Hk[20;1H[50;105H [19;1H[50;115H19[19;1H[50;105Hk[19;1H[50;105H [18;8H[50;116H8,1-8[18;8H[50;105Hk[18;8H[50;105H [17;8H[50;116H7[17;8H[50;105Hk[17;8H[50;105H [16;1H[50;116H6,1  [16;1H[50;105Hk[16;1H[50;105H [15;1H[50;116H5[15;1H[50;105Hj[15;1H[50;105H [16;1H[50;116H6[16;1H[50;105Hl[16;1H[50;105H [16;2H[36m[46m([7C)[0m[50;118H2[16;2H[50;105Hl[16;2H[50;105H [16;3H[36m([7C)[0m[50;118H3[16;3H[50;105Hl[16;3H[50;105H [16;4H[50;118H4[16;4H[50;105Hl[16;4H[50;105H [16;5H[50;118H5[16;5H[50;105Hl[16;5H[50;105H [16;6H[50;118H6[16;6H[50;105Hl[16;6H[50;105H [16;7H[50;118H7[16;7H[50;105Hl[16;7H[50;105H [16;8H[50;118H8[16;8H[50;105Hl[16;8H[50;105H [16;9H[50;118H9[16;9H[50;105Hl[16;9H[50;105H [16;10H[16;2H[36m[46m([7C)[0m[50;118H10[16;10H[50;105Hl[16;10H[50;105H [16;11H[16;2H[36m([7C)[0m[50;119H1[16;11H[50;105Hl[16;11H[50;105H [16;12H[50;119H2[16;12H[50;105Hl[16;12H[50;105H [16;13H[50;119H3[16;13H[50;105Hl[16;13H[50;105H [16;14H[50;119H4[16;14H[50;105Hl[16;14H[50;105H [16;15H[50;119H5[16;15H[50;105Hl[16;15H[50;105H [16;16H[50;119H6[16;16H[50;105Hl[16;16H[50;105H [16;17H[50;119H7[16;17H[50;105Hl[16;17H[50;105H [16;18H[50;119H8[16;18H[50;105Hl[16;18H[50;105H [16;24H[50;119H9-24[16;24H[50;105Hl[16;24H[50;105H [16;25H[50;118H20-25[16;25H[50;105Hl[16;25H[50;105H [16;26H[36m[46m([9C)[0m[50;119H1-26[16;26H[50;105Hl[16;26H[50;105H [16;27H[36m([9C)[0m[50;119H2-27[16;27H[50;105Hj[16;27H[50;105H [17;27H[50;116H7,6-27 [17;27H[50;105Hk[17;27H[50;105H [16;27H[50;116H6,22-27[16;27H[50;105Hh[16;27H[50;105H [16;26H[36m[46m([9C)[0m[50;119H1-26[16;26H[50;105Hh[16;26H[50;105H [16;25H[1C[36m([9C)[0m[50;119H0-25[16;25H[50;105Hi[16;25H[50;105H [16;25H[50;1H[1m-- INSERT --[0m[50;115H[K[50;115H16,20-25      All[16;25H[49;1H[K[17;1H[L[16;19H[36m      [0m[16;25H[K[17;1H[31m        [0m[36m$(SRC_FILES)[0m[50;1H[1m-- INSERT --[0m[102C17,2-9[8CAll[17;9H[31m        [0m[36m$(SRC_FILES)[0m[50;118H3-17[17;17H[50;1H[K[17;16H[50;105H^[[17;16H[50;105H  [17;17H[50;115H17,2-16[7CAll[17;16H[50;105Hj[17;16H[50;105H [18;16H[50;116H8[18;16H[50;105Hk[18;16H[50;105H [17;16H[50;116H7[17;16H[50;105Hj[17;16H[50;105H [18;16H[50;116H8[18;16H[50;105Hl[18;16H[50;105H [18;24H[50;118H3-24[18;24H[50;105Hh[18;24H[50;105H [18;16H[50;118H2-16[18;16H[50;105Hl[18;16H[50;105H [18;24H[50;118H3-24[18;24H[50;105Hx[18;24H[50;105H [18;24H[50;105Hdl[18;24H[50;105H  [18;17H[31mtar -cf[0m[1C[36m$(PROJECT)[0m[31m.tar [0m[36m$(SRC_FILES)[0m[18;52H[K[50;120H17[18;17H[50;105Hj[18;17H[50;105H [19;24H[50;116H9,3-24[19;24H[50;105Hx[19;24H[50;105H [19;24H[50;105Hdl[19;24H[50;105H  [19;17H[31mgzip -f[0m[1C[36m$(PROJECT)[0m[31m.tar[0m[19;39H[K[50;120H17[19;17H[50;105H:[19;17H[50;105H[K[50;1H:wq"Makefile" 22L, 517C written
awalley1@remote00:~/i220a/submit/lab1/exercises/3-multifile/temp$ make
make: *** No rule to make target 'quadr.h', needed by 'quadr.o'.  Stop.
awalley1@remote00:~/i220a/submit/lab1/exercises/3-multifile/temp$ ls
main.c	Makefile  quadr.c  README  test.data
awalley1@remote00:~/i220a/submit/lab1/exercises/3-multifile/temp$ cd ..
awalley1@remote00:~/i220a/submit/lab1/exercises/3-multifile$ ls
main.c	main.o	Makefile  quadr  quadr.c  quadr.h  quadr.o  quadr.tar.gz  README  temp	test.data
awalley1@remote00:~/i220a/submit/lab1/exercises/3-multifile$ vimM[D[K[D[Km Makefile 
[m[m[0m[H[2J[50;1H"Makefile" 21L, 516C[2;1Hâ–½[6n[2;1H  [1;1H[1;1H[36mPROJECT [0m= quadr
[36mSRC_FILES [0m= main.c quadr.c [35m\
            [0mREADME [35m\
            [0mtest.data [35m\
            [0mMakefile
[36mCFLAGS [0m= -g -Wall -std=c11
[36mLDFLAGS [0m= -lm

[36m$(PROJECT):[0m     quadr.o main.o
[31m                [0m[36m$(CC)[0m[31m quadr.o main.o [0m[36m$(LDFLAGS)[0m[31m -o [0m[36m$@
depend:[0m
[31m                [0m[36m$(CC)[0m[31m -MM [0m[36m$(CPPFLAGS)[0m[31m *.c[0m
[36mclean:[0m
[31m                rm -f *.o [0m[36m$(PROJECT)[0m[31m [0m[36m$(PROJECT)[0m[31m.tar.gz[0m
[36mdist:[11C$(PROJECT)[0m.tar.gz
[36m$(PROJECT).tar.gz:[0m      [36m$(SRC_FILES)[0m
[31m                        tar -cf [0m[36m$(PROJECT)[0m[31m.tar [0m[36m$(SRC_FILES)[0m
[31m                        gzip -f [0m[36m$(PROJECT)[0m[31m.tar[0m
[34m#automatically generated dependencies produced by make depend[0m
[36mmain.o:[0m main.c quadr.h
[36mquadr.o:[0m quadr.c quadr.h
[1m[34m~                                                                                                                                   [23;1H~                                                                                                                                   [24;1H~                                                                                                                                   [25;1H~                                                                                                                                   [26;1H~                                                                                                                                   [27;1H~                                                                                                                                   [28;1H~                                                                                                                                   [29;1H~                                                                                                                                   [30;1H~                                                                                                                                   [31;1H~                                                                                                                                   [32;1H~                                                                                                                                   [33;1H~                                                                                                                                   [34;1H~                                                                                                                                   [35;1H~                                                                                                                                   [36;1H~                                                                                                                                   [37;1H~                                                                                                                                   [38;1H~                                                                                                                                   [39;1H~                                                                                                                                   [40;1H~                                                                                                                                   [41;1H~                                                                                                                                   [42;1H~                                                                                                                                   [43;1H~                                                                                                                                   [44;1H~                                                                                                                                   [45;1H~                                                                                                                                   [46;1H~                                                                                                                                   [47;1H~                                                                                                                                   [48;1H~                                                                                                                                   [49;1H~                                                                                                                                   [0m[50;115H18,25-46      All[18;46H[50;105Hj[18;46H[50;105H [19;46H[50;116H9,46   [19;46H[50;105Hk[19;46H[50;105H [18;46H[50;116H8,25-46[18;46H[50;105Hj[18;46H[50;105H [19;46H[50;116H9,46   [19;46H[50;105Hk[19;46H[50;105H [18;46H[50;116H8,25-46[18;46H[50;105Hk[18;46H[50;105H [17;46H[50;116H7[17;46H[50;105Hk[17;46H[50;105H [16;36H[16;26H[36m[46m([9C)[0m[50;116H6,31-3[16;36H[50;105Hk[16;36H[50;105H [15;33H[16;26H[36m([9C)[0m[50;116H5,24-33[15;33H[50;105Hk[15;33H[50;105H [14;46H[50;116H4,32-46[14;46H[50;105Hk[14;46H[50;105H [13;6H[50;116H3,6    [13;6H[50;105Hk[13;6H[50;105H [12;41H[50;116H2,27-41[12;41H[50;105Hk[12;41H[50;105H [11;7H[50;116H1,7    [11;7H[50;105Hk[11;7H[50;105H [10;46H[50;116H0,32-46[10;46H[50;105Hk[10;46H[50;105H [9;30H[50;115H9,26-30 [9;30H[50;105Hk[9;30H[50;105H [8;1H[50;115H8,0-1  [8;1H[50;105Hk[8;1H[50;105H [7;14H[50;115H7,14 [7;14H[50;105Hk[7;14H[50;105H [6;26H[50;115H6,26[6;26H[50;105Hk[6;26H[50;105H [5;20H[50;115H5,13-20[5;20H[50;105Hk[5;20H[50;105H [4;23H[50;115H4,16-23[4;23H[50;105Hk[4;23H[50;105H [3;20H[50;115H3,13-20[3;20H[50;105Hk[3;20H[50;105H [2;28H[50;115H2,28   [2;28H[50;105Hi[2;28H[50;105H [2;28H[50;1H[1m-- INSERT --[0m[50;13H[K[50;115H2,28[10CAll[2;28Hq[35m\[0m[50;118H9[2;29Hu[35m\[0m[50;117H30[2;30Ha[35m\[0m[50;118H1[2;31Hd[35m\[0m[50;118H2[2;32Hr[35m\[0m[50;118H3[2;33H.[35m\[0m[50;118H4[2;34Hh[35m\[0m[50;118H5[2;35H [35m\[0m[50;118H6[2;36H     [35m\[0m[50;118H7-41[2;41H[35m\[0m[2;41H[K[50;118H6   [2;36H[50;1H[K[2;35H[50;105H^[[2;35H[50;105H  [2;36H[50;115H2,35[10CAll[2;35H[50;105H:[2;35H[50;105H[K[50;1H:wq"Makefile" 21L, 524C written
awalley1@remote00:~/i220a/submit/lab1/exercises/3-multifile$ make dist
tar -cf quadr.tar main.c quadr.c quadr.h README test.data Makefile
gzip -f quadr.tar
awalley1@remote00:~/i220a/submit/lab1/exercises/3-multifile$ ls
main.c	main.o	Makefile  quadr  quadr.c  quadr.h  quadr.o  quadr.tar.gz  README  temp	test.data
awalley1@remote00:~/i220a/submit/lab1/exercises/3-multifile$ cd temp/
awalley1@remote00:~/i220a/submit/lab1/exercises/3-multifile/temp$ rm .
rm: cannot remove '.': Is a directory
awalley1@remote00:~/i220a/submit/lab1/exercises/3-multifile/temp$ remove *.[D[K
bash: remove: command not found
awalley1@remote00:~/i220a/submit/lab1/exercises/3-multifile/temp$ ls
main.c	Makefile  quadr.c  README  test.data
awalley1@remote00:~/i220a/submit/lab1/exercises/3-multifile/temp$ remove -f .
bash: remove: command not found
awalley1@remote00:~/i220a/submit/lab1/exercises/3-multifile/temp$ mr[D[K[D[Krm[D[K[D[Kcd ..
awalley1@remote00:~/i220a/submit/lab1/exercises/3-multifile$ rm tmp[D[K[D[Kemp
rm: cannot remove 'temp': Is a directory
awalley1@remote00:~/i220a/submit/lab1/exercises/3-multifile$ remove -rf temp
bash: remove: command not found
awalley1@remote00:~/i220a/submit/lab1/exercises/3-multifile$ ls
main.c	main.o	Makefile  quadr  quadr.c  quadr.h  quadr.o  quadr.tar.gz  README  temp	test.data
awalley1@remote00:~/i220a/submit/lab1/exercises/3-multifile$ rm -rf temp
awalley1@remote00:~/i220a/submit/lab1/exercises/3-multifile$ ls
main.c	main.o	Makefile  quadr  quadr.c  quadr.h  quadr.o  quadr.tar.gz  README  test.data
awalley1@remote00:~/i220a/submit/lab1/exercises/3-multifile$ mkdir temp
awalley1@remote00:~/i220a/submit/lab1/exercises/3-multifile$ cd te
bash: cd: te: No such file or directory
awalley1@remote00:~/i220a/submit/lab1/exercises/3-multifile$ cd temp
awalley1@remote00:~/i220a/submit/lab1/exercises/3-multifile/temp$ tar-[D[K -xzf ~/i220a/submit//lab[D[K[D[K[D[K[D[Klab1/exercises/3-multifile/quad.[D[Kr.tar.gz 
awalley1@remote00:~/i220a/submit/lab1/exercises/3-multifile/temp$ makr
bash: makr: command not found
awalley1@remote00:~/i220a/submit/lab1/exercises/3-multifile/temp$ make
cc -g -Wall -std=c11   -c -o quadr.o quadr.c
cc -g -Wall -std=c11   -c -o main.o main.c
cc quadr.o main.o -lm  -o quadr
awalley1@remote00:~/i220a/submit/lab1/exercises/3-multifile/temp$ ls
main.c	main.o	Makefile  quadr  quadr.c  quadr.h  quadr.o  README  test.data
awalley1@remote00:~/i220a/submit/lab1/exercises/3-multifile/temp$ cat Makefile '
> 
> 
> '
PROJECT = quadr
SRC_FILES = main.c quadr.c quadr.h \
	    README \
	    test.data \
	    Makefile
CFLAGS = -g -Wall -std=c11
LDFLAGS = -lm 

$(PROJECT):	quadr.o main.o
		$(CC) quadr.o main.o $(LDFLAGS) -o $@
depend:
		$(CC) -MM $(CPPFLAGS) *.c
clean:
		rm -f *.o $(PROJECT) $(PROJECT).tar.gz
dist:		$(PROJECT).tar.gz
$(PROJECT).tar.gz:	$(SRC_FILES)
			tar -cf $(PROJECT).tar $(SRC_FILES)
			gzip -f $(PROJECT).tar
#automatically generated dependencies produced by make depend
main.o: main.c quadr.h
quadr.o: quadr.c quadr.h
cat: ''$'\n\n\n': No such file or directory
awalley1@remote00:~/i220a/submit/lab1/exercises/3-multifile/temp$ cd ..
awalley1@remote00:~/i220a/submit/lab1/exercises/3-multifile$ cd ..
awalley1@remote00:~/i220a/submit/lab1/exercises$ cd 4-from-scratch/
awalley1@remote00:~/i220a/submit/lab1/exercises/4-from-scratch$ ls
key-value.c  key-value.h  main.c  process-file.c  process-file.h  README
awalley1@remote00:~/i220a/submit/lab1/exercises/4-from-scratch$ cat README 
A simple key-value lookup for alphanumeric keys and integer values
in a fixed-size table.

Insert key/value pair into table by typing a line containing simply
key=value.

Query the value of a key by typing a line containing simply key?.

Delete a existing key by typing a line containing simply key-.

Example Log:

------------------------------------------------------------------
$ ./key-value
a=22
a?
22
b=33
c=44
e=55
f=66
<stdin>:6: too many key-value pairs
f?
<stdin>:7: unknown key
e?
55
e-
e?
<stdin>:10: unknown key
f=66
f?
66
$
------------------------------------------------------------------
awalley1@remote00:~/i220a/submit/lab1/exercises/4-from-scratch$ vim M
[m[m[0m[H[2J[50;1H"M" [New File][2;1Hâ–½[6n[2;1H  [1;1H[2;1H[1m[34m~                                                                                                                                   [3;1H~                                                                                                                                   [4;1H~                                                                                                                                   [5;1H~                                                                                                                                   [6;1H~                                                                                                                                   [7;1H~                                                                                                                                   [8;1H~                                                                                                                                   [9;1H~                                                                                                                                   [10;1H~                                                                                                                                   [11;1H~                                                                                                                                   [12;1H~                                                                                                                                   [13;1H~                                                                                                                                   [14;1H~                                                                                                                                   [15;1H~                                                                                                                                   [16;1H~                                                                                                                                   [17;1H~                                                                                                                                   [18;1H~                                                                                                                                   [19;1H~                                                                                                                                   [20;1H~                                                                                                                                   [21;1H~                                                                                                                                   [22;1H~                                                                                                                                   [23;1H~                                                                                                                                   [24;1H~                                                                                                                                   [25;1H~                                                                                                                                   [26;1H~                                                                                                                                   [27;1H~                                                                                                                                   [28;1H~                                                                                                                                   [29;1H~                                                                                                                                   [30;1H~                                                                                                                                   [31;1H~                                                                                                                                   [32;1H~                                                                                                                                   [33;1H~                                                                                                                                   [34;1H~                                                                                                                                   [35;1H~                                                                                                                                   [36;1H~                                                                                                                                   [37;1H~                                                                                                                                   [38;1H~                                                                                                                                   [39;1H~                                                                                                                                   [40;1H~                                                                                                                                   [41;1H~                                                                                                                                   [42;1H~                                                                                                                                   [43;1H~                                                                                                                                   [44;1H~                                                                                                                                   [45;1H~                                                                                                                                   [46;1H~                                                                                                                                   [47;1H~                                                                                                                                   [48;1H~                                                                                                                                   [49;1H~                                                                                                                                   [0m[50;115H0,0-1[9CAll[1;1H[50;105H:[1;1H[50;1H[K[50;1H:q[50;1H[K[50;1Hawalley1@remote00:~/i220a/submit/lab1/exercises/4-from-scratch$ m[D[Kls
key-value.c  key-value.h  main.c  process-file.c  process-file.h  README
awalley1@remote00:~/i220a/submit/lab1/exercises/4-from-scratch$ vim Makrefi[D[K[D[K[D[K[D[Kefile
[m[m[0m[H[2J[50;1H"Makefile" [New File][2;1Hâ–½[6n[2;1H  [1;1H[2;1H[1m[34m~                                                                                                                                   [3;1H~                                                                                                                                   [4;1H~                                                                                                                                   [5;1H~                                                                                                                                   [6;1H~                                                                                                                                   [7;1H~                                                                                                                                   [8;1H~                                                                                                                                   [9;1H~                                                                                                                                   [10;1H~                                                                                                                                   [11;1H~                                                                                                                                   [12;1H~                                                                                                                                   [13;1H~                                                                                                                                   [14;1H~                                                                                                                                   [15;1H~                                                                                                                                   [16;1H~                                                                                                                                   [17;1H~                                                                                                                                   [18;1H~                                                                                                                                   [19;1H~                                                                                                                                   [20;1H~                                                                                                                                   [21;1H~                                                                                                                                   [22;1H~                                                                                                                                   [23;1H~                                                                                                                                   [24;1H~                                                                                                                                   [25;1H~                                                                                                                                   [26;1H~                                                                                                                                   [27;1H~                                                                                                                                   [28;1H~                                                                                                                                   [29;1H~                                                                                                                                   [30;1H~                                                                                                                                   [31;1H~                                                                                                                                   [32;1H~                                                                                                                                   [33;1H~                                                                                                                                   [34;1H~                                                                                                                                   [35;1H~                                                                                                                                   [36;1H~                                                                                                                                   [37;1H~                                                                                                                                   [38;1H~                                                                                                                                   [39;1H~                                                                                                                                   [40;1H~                                                                                                                                   [41;1H~                                                                                                                                   [42;1H~                                                                                                                                   [43;1H~                                                                                                                                   [44;1H~                                                                                                                                   [45;1H~                                                                                                                                   [46;1H~                                                                                                                                   [47;1H~                                                                                                                                   [48;1H~                                                                                                                                   [49;1H~                                                                                                                                   [0m[50;115H0,0-1[9CAll[1;1H[50;105H:[1;1H[50;1H[K[50;1H:q[50;1H[K[50;1Hawalley1@remote00:~/i220a/submit/lab1/exercises/4-from-scratch$ ls
key-value.c  key-value.h  main.c  process-file.c  process-file.h  README
awalley1@remote00:~/i220a/submit/lab1/exercises/4-from-scratch$ vim main.c [D[K[D[K[D[K[D[K[D[K[D[K[D[KMakefile
[m[m[0m[H[2J[50;1H"Makefile" [New File][2;1Hâ–½[6n[2;1H  [1;1H[2;1H[1m[34m~                                                                                                                                   [3;1H~                                                                                                                                   [4;1H~                                                                                                                                   [5;1H~                                                                                                                                   [6;1H~                                                                                                                                   [7;1H~                                                                                                                                   [8;1H~                                                                                                                                   [9;1H~                                                                                                                                   [10;1H~                                                                                                                                   [11;1H~                                                                                                                                   [12;1H~                                                                                                                                   [13;1H~                                                                                                                                   [14;1H~                                                                                                                                   [15;1H~                                                                                                                                   [16;1H~                                                                                                                                   [17;1H~                                                                                                                                   [18;1H~                                                                                                                                   [19;1H~                                                                                                                                   [20;1H~                                                                                                                                   [21;1H~                                                                                                                                   [22;1H~                                                                                                                                   [23;1H~                                                                                                                                   [24;1H~                                                                                                                                   [25;1H~                                                                                                                                   [26;1H~                                                                                                                                   [27;1H~                                                                                                                                   [28;1H~                                                                                                                                   [29;1H~                                                                                                                                   [30;1H~                                                                                                                                   [31;1H~                                                                                                                                   [32;1H~                                                                                                                                   [33;1H~                                                                                                                                   [34;1H~                                                                                                                                   [35;1H~                                                                                                                                   [36;1H~                                                                                                                                   [37;1H~                                                                                                                                   [38;1H~                                                                                                                                   [39;1H~                                                                                                                                   [40;1H~                                                                                                                                   [41;1H~                                                                                                                                   [42;1H~                                                                                                                                   [43;1H~                                                                                                                                   [44;1H~                                                                                                                                   [45;1H~                                                                                                                                   [46;1H~                                                                                                                                   [47;1H~                                                                                                                                   [48;1H~                                                                                                                                   [49;1H~                                                                                                                                   [0m[50;115H0,0-1[9CAll[1;1H[50;105HP[1;1H[50;105H [1;8H[50;115H1,1-8[1;8H[50;105HR[1;8H[50;105H [1;1H[50;1H[1m-- REPLACE --[0m[50;14H[K[50;115H1,1[11CAll[1;1HO[50;117H2[1;2H [50;117H1[1;1HI[50;117H2[1;2HP[50;117H3[1;3HR[50;117H4[1;4HO[50;117H5[1;5HK[50;117H6[1;6H[1;5H[K[50;117H5[1;5H[1;4H[K[50;117H4[1;4H[1;3H[K[50;117H3[1;3H[1;2H[K[50;117H2[1;2H [50;117H1[1;1HP[50;117H2[1;2HR[50;117H3[1;3HO[50;117H4[1;4HJ[50;117H5[1;5HE[50;117H6[1;6HC[50;117H7[1;7HY[50;117H8[1;8H[1;7H[K[50;117H7[1;7HT[50;117H8[1;8H[50;117H9[1;9H[36mPROJECT [0m=[50;117H10[1;10H[50;118H1[1;11Hk[50;118H2[1;12He[50;118H3[1;13Hy[50;118H4[1;14H-[50;118H5[1;15Hv[50;118H6[1;16Ha[50;118H7[1;17Hl[50;118H8[1;18Hu[50;118H9[1;19He[50;117H20[1;20H[2;1H[K[50;115H2,1 [2;1HS[50;117H2[2;2HR[50;117H3[2;3HC[50;117H4[2;4H_[50;117H5[2;5HF[50;117H6[2;6HI[50;117H7[2;7HL[50;117H8[2;8HE[50;117H9[2;9HS[50;117H10[2;10H[50;118H1[2;11H[36mSRC_FILES [0m=[50;118H2[2;12H[50;118H3[2;13Hk[50;118H4[2;14He[50;118H5[2;15Hy[50;118H6[2;16H_[50;118H7[2;17H[2;16H[K[50;118H6[2;16H-[50;118H7[2;17Hv[50;118H8[2;18Hu[50;118H9[2;19H[2;18H[K[50;118H8[2;18Ha[50;118H9[2;19Hl[50;117H20[2;20Hu[50;118H1[2;21He[50;118H2[2;22H.[50;118H3[2;23Hc[50;118H4[2;24H[50;118H5[2;25H[35m\[0m[50;118H6[2;26H
[35m            [0m[3;13H[K[50;115H3,6-13[3;13Hk[50;117H7-14[3;14He[50;117H8-15[3;15Hy[50;117H9-16[3;16H-[50;117H10-17[3;17Hv[50;118H1-18[3;18Ha[50;118H2-19[3;19Hl[50;118H3-20[3;20Hu[50;118H4-21[3;21He[50;118H5-22[3;22H.[50;118H6-23[3;23Hh[50;118H7-24[3;24H:[50;118H8-25[3;25HW[50;118H9-26[3;26HQ[50;117H20-27[3;27H
        [4;9H[K[50;115H4,2-9  [4;9H[50;117H1  [4;1H[1m[34m~                                                                                                                                   [0m[50;115H3,20-27[3;27H[3;26H[K[50;117H19-26[3;26H[3;25H[K[50;118H8-25[3;25H[3;24H[K[50;118H7-24[3;24H[50;1H[K[3;23H[50;105H^[[3;23H[50;105H  [3;24H[50;115H3,16-23[7CAll[3;23H[50;105H:[3;23H[50;105H[K[50;1H:WQ[1m[37m[41mE492: Not an editor command: WQ[3;23H[0m[50;115H3,16-23[7CAll[3;23H[50;105H:[3;23H[50;1H[K[50;1H:wq"Makefile" [New] 3L, 63C written
awalley1@remote00:~/i220a/submit/lab1/exercises/4-from-scratch$ ls
key-value.c  key-value.h  main.c  Makefile  process-file.c  process-file.h  README
awalley1@remote00:~/i220a/submit/lab1/exercises/4-from-scratch$ vim Makefile 
[m[m[0m[H[2J[50;1H"Makefile" 3L, 63C[2;1Hâ–½[6n[2;1H  [1;1H[1;1H[36mPROJECT [0m= key-value
[36mSRC_FILES [0m= key-value.c [35m\
            [0mkey-value.h
[1m[34m~                                                                                                                                   [5;1H~                                                                                                                                   [6;1H~                                                                                                                                   [7;1H~                                                                                                                                   [8;1H~                                                                                                                                   [9;1H~                                                                                                                                   [10;1H~                                                                                                                                   [11;1H~                                                                                                                                   [12;1H~                                                                                                                                   [13;1H~                                                                                                                                   [14;1H~                                                                                                                                   [15;1H~                                                                                                                                   [16;1H~                                                                                                                                   [17;1H~                                                                                                                                   [18;1H~                                                                                                                                   [19;1H~                                                                                                                                   [20;1H~                                                                                                                                   [21;1H~                                                                                                                                   [22;1H~                                                                                                                                   [23;1H~                                                                                                                                   [24;1H~                                                                                                                                   [25;1H~                                                                                                                                   [26;1H~                                                                                                                                   [27;1H~                                                                                                                                   [28;1H~                                                                                                                                   [29;1H~                                                                                                                                   [30;1H~                                                                                                                                   [31;1H~                                                                                                                                   [32;1H~                                                                                                                                   [33;1H~                                                                                                                                   [34;1H~                                                                                                                                   [35;1H~                                                                                                                                   [36;1H~                                                                                                                                   [37;1H~                                                                                                                                   [38;1H~                                                                                                                                   [39;1H~                                                                                                                                   [40;1H~                                                                                                                                   [41;1H~                                                                                                                                   [42;1H~                                                                                                                                   [43;1H~                                                                                                                                   [44;1H~                                                                                                                                   [45;1H~                                                                                                                                   [46;1H~                                                                                                                                   [47;1H~                                                                                                                                   [48;1H~                                                                                                                                   [49;1H~                                                                                                                                   [0m[50;115H3,16-23[7CAll[3;23H[50;105Hj[3;23H[50;105H [3;23H[50;105Hl[3;23H[50;105H [3;23H[50;105Hi[3;23H[50;105H [3;23H[50;1H[1m-- INSERT --[0m[50;13H[K[50;115H3,16-23[7CAll[3;23H[50;118H7-24[3;24H[50;118H8-25[3;25H[35m\[0m[50;118H9-26[3;26H
[35m            [0m[4;13H[K[50;115H4,6-13 [4;13Hp[50;117H7-14[4;14Hr[50;117H8-15[4;15Ho[50;117H9-16[4;16Hc[50;117H10-17[4;17He[50;118H1-18[4;18Hs[50;118H2-19[4;19Hs[50;118H3-20[4;20H-[50;118H4-21[4;21Hf[50;118H5-22[4;22Hi[50;118H6-23[4;23Hl[50;118H7-24[4;24He[50;118H8-25[4;25H.c[50;117H20-27[4;27H[50;118H1-28[4;28H[50;118H2-33[4;33H[50;118H3-41[4;41H[50;118H4-49[4;49H[50;118H5-57[4;57H[50;118H6-65[4;65H[50;118H7-73[4;73H[50;118H8-81[4;81H[50;118H7-73[4;73H[50;118H6-65[4;65H[50;118H5-57[4;57H[50;118H4-49[4;49H[50;118H3-41[4;41H[50;118H2-33[4;33H[50;118H1-28[4;28H[50;118H0-27[4;27H[50;118H1-28[4;28H[35m\[0m[50;118H2-29[4;29H
[35m            [0m[5;13H[K[50;115H5,6-13 [5;13Hp[50;117H7-14[5;14Hr[50;117H8-15[5;15Ho[50;117H9-16[5;16Hc[50;117H10-17[5;17He[50;118H1-18[5;18Hs[50;118H2-19[5;19Hs[50;118H3-20[5;20H-[50;118H4-21[5;21Hf[50;118H5-22[5;22Hi[50;118H6-23[5;23He[50;118H7-24[5;24H[5;23H[K[50;118H6-23[5;23Hl[50;118H7-24[5;24He[50;118H8-25[5;25H/[50;118H9-26[5;26H[5;25H[K[50;118H8-25[5;25H.[50;118H9-26[5;26Hh[50;117H20-27[5;27H[50;118H1-28[5;28H[35m\[0m[50;118H2-29[5;29H
[35m            [0m[6;13H[K[50;115H6,6-13 [6;13Hm[50;117H7-14[6;14Ha[50;117H8-15[6;15Hi[50;117H9-16[6;16Hn[50;117H10-17[6;17H.[50;118H1-18[6;18Hc[50;118H2-19[6;19H[7;1H[K[50;115H7,1    [7;1Hc[50;117H2[7;2Hf[50;117H3[7;3Hl[50;117H4[7;4H[7;3H[K[50;117H3[7;3H[7;2H[K[50;117H2[7;2H[7;1H[K[50;117H1[7;1HC[50;117H2[7;2HL[50;117H3[7;3H[7;2H[K[50;117H2[7;2HF[50;117H3[7;3HL[50;117H4[7;4HA[50;117H5[7;5HG[50;117H6[7;6HS[50;117H7[7;7H[50;117H8[7;8H[36mCFLAGS [0m=[50;117H9[7;9H[50;117H10[7;10H-[50;118H1[7;11Hg[50;118H2[7;12H[50;118H3[7;13H-[50;118H4[7;14HW[50;118H5[7;15Ha[50;118H6[7;16Hl[50;118H7[7;17Hl[50;118H8[7;18H[50;118H9[7;19H-[50;117H20[7;20H[50;118H1[7;21H[50;118H0[7;20Hs[50;118H1[7;21Ht[50;118H2[7;22Hd[50;118H3[7;23H=[50;118H4[7;24Hc[50;118H5[7;25H1[50;118H6[7;26H1[50;118H7[7;27H[8;1H[K[50;115H8,1 [8;1HL[50;117H2[8;2HD[50;117H3[8;3H[8;2H[K[50;117H2[8;2H[8;1H[K[50;117H1[8;1H[9;1H[K[50;115H9[9;1H[1m[34m~                                                                                                                                   [0m[50;115H8[8;1HL[50;117H2[8;2HD[50;117H3[8;3HF[50;117H4[8;4HL[50;117H5[8;5HA[50;117H6[8;6HG[50;117H7[8;7HS[50;117H8[8;8H[50;117H9[8;9H[36mLDFLAGS [0m=[50;117H10[8;10H[50;118H1[8;11H[9;1H[K[50;115H9,1 [9;1H[10;1H[K[50;115H10,1[10;1H$[50;118H2[10;2H[36m$([0m[50;118H3[10;3H[36mP[0m[50;118H4[10;4H[36mR[0m[50;118H5[10;5H[36mE[0m[50;118H6[10;6H[36mO[0m[50;118H7[10;7H[10;6H[K[50;118H6[10;6H[10;5H[K[50;118H5[10;5H[36mR[0m[50;118H6[10;6H[10;5H[K[50;118H5[10;5H[36mO[0m[50;118H6[10;6H[36mJ[0m[50;118H7[10;7H[36mE[0m[50;118H8[10;8H[36mC[0m[50;118H9[10;9H[36mT[0m[50;118H10[10;10H[36m)[0m[10;2H[36m[46m([7C)[0m[50;119H1[10;11H[36m:$([7C)[0m[50;119H2[10;12H[36m [0m[50;119H3[10;13H[10;12H[K[50;119H2[10;12H[36m     [0m[50;119H3-17[10;17H     k[50;119H4-18[10;18He[50;119H5-19[10;19Hy[50;119H6-20[10;20Hv[50;119H7-21[10;21Ha[50;119H8-22[10;22Hl[50;119H9-23[10;23Hu[50;118H20-24[10;24H[10;23H[K[50;118H19-23[10;23H[10;22H[K[50;119H8-22[10;22H[10;21H[K[50;119H7-21[10;21H[10;20H[K[50;119H6-20[10;20H-[50;119H7-21[10;21Hv[50;119H8-22[10;22Ha[50;119H9-23[10;23Hl[50;118H20-24[10;24Hu[50;119H1-25[10;25He[50;119H2-26[10;26H.[50;119H3-27[10;27Ho[50;119H4-28[10;28H[50;119H5-29[10;29Hp[50;119H6-30[10;30Hr[50;119H7-31[10;31Ho[50;119H8-32[10;32Hc[50;119H9-33[10;33He[50;118H30-34[10;34Hs[50;119H1-35[10;35Hs[50;119H2-36[10;36H-[50;119H3-37[10;37Hf[50;119H4-38[10;38Hi[50;119H5-39[10;39Hl[50;119H6-40[10;40He[50;119H7-41[10;41H.[50;119H8-42[10;42Ho[50;119H9-43[10;43H[50;118H40-44[10;44Hm[50;119H1-45[10;45Ha[50;119H2-46[10;46Hi[50;119H3-47[10;47Hn[50;119H4-48[10;48H[50;119H5-49[10;49H[50;119H4-48[10;48H,[50;119H5-49[10;49Ho[50;119H6-50[10;50H[50;119H7-51[10;51H$[50;119H8-52[10;52H[36m$([0m[50;119H9-53[10;53H[36mL[0m[50;118H50-54[10;54H[36mD[0m[50;119H1-55[10;55H[36mF[0m[50;119H2-56[10;56H[36mL[0m[50;119H3-57[10;57H[36mA[0m[50;119H4-58[10;58H[36mG[0m[50;119H5-59[10;59H[36mS[0m[50;119H6-60[10;60H[36m)[0m[10;52H[36m[46m([7C)[0m[50;119H7-61[10;61H[10;52H[36m([7C)[0m[50;119H8-62[10;62H-[50;119H9-63[10;63Ho[50;118H60-64[10;64H[50;119H1-65[10;65H$[50;119H2-66[10;66H[36m$A[0m[50;119H3-67[10;67H
[31m        [0m[11;9H[K[50;116H1,2-9  [11;9H[11;1H[K[50;118H1  [11;1H[1m[34m~                                                                                                                                   [0m[50;116H0,63-67[10;67H$[10;66H[K[50;119H2-66[10;66H[36m$@[0m[50;119H3-67[10;67H
[31m        [0m[11;9H[K[50;116H1,2-9  [11;9H[31m        [0m[50;118H3-17[11;17H[50;116H0,13-17[10;17H[50;119H4-18[10;18H[50;119H5-19[10;19H[50;119H6-20[10;20H[50;119H7-21[10;21H[50;119H8-22[10;22H[50;119H9-23[10;23H[50;118H20-24[10;24H[50;119H1-25[10;25H[50;119H2-26[10;26H[50;119H3-27[10;27H[50;119H4-28[10;28H[50;119H5-29[10;29H[50;119H6-30[10;30H[50;119H7-31[10;31H[50;119H8-32[10;32H[50;119H9-33[10;33H[50;118H30-34[10;34H[50;119H1-35[10;35H[50;119H2-36[10;36H[50;119H3-37[10;37H[50;119H4-38[10;38H[50;119H5-39[10;39H[50;119H6-40[10;40H[50;119H7-41[10;41H[50;119H8-42[10;42H[50;119H9-43[10;43H[50;118H40-44[10;44H[50;119H1-45[10;45H[50;119H2-46[10;46H[50;119H3-47[10;47H[50;119H4-48[10;48H[50;119H5-49[10;49Ho [36m$(LDFLAGS)[0m -o [36m$@[0m[10;66H[K[50;119H4-48[10;48H.o [36m$(LDFLAGS)[0m -o [36m$@[0m[50;119H5-49[10;49H[50;119H6-50[10;50H[50;119H7-51[10;51H[49;1H[K[11;1H[L[10;51H[K[11;1H[31m        [0m[36m$(LDFLAGS)[0m[31m -o [0m[36m$@[0m[50;1H[1m-- INSERT --[0m[102C11,2-9[8CAll[11;9H[31m        [0m[36m$(LDFLAGS)[0m[31m -o [0m[36m$@[0m[50;118H3-17[11;17H[1C[36m$[0m[31m(LDFLAGS) -o [0m[36m$@[0m[50;118H4-18[11;18H[36m($(LDFLAGS) -o $@
                [0m[50;118H5-19[11;19H[36mc$(LDFLAGS) -o $@[0m[50;118H6-20[11;20H[36m$(LDFLAGS) -o $@[0m[11;35H[K[50;118H5-19[11;19H[36mC$(LDFLAGS) -o $@[0m[50;118H6-20[11;20H[36mC$(LDFLAGS) -o $@[0m[50;118H7-21[11;21H[36m)$(LDFLAGS)[0m[31m -o [0m[36m$@[0m
[31m                [0m[11;18H[36m[46m([2C)[0m[50;118H8-22[11;22H[31m [0m[36m$(LDFLAGS)[0m[31m -o [0m[36m$@[11;18H(CC)[0m[50;118H9-23[11;23H[31mk[0m[36m$(LDFLAGS)[0m[31m -o [0m[36m$@[0m[50;118H10-24[11;24H[31me[0m[36m$(LDFLAGS)[0m[31m -o [0m[36m$@[0m[50;119H1-25[11;25H[31my[0m[36m$(LDFLAGS)[0m[31m -o [0m[36m$@[0m[50;119H2-26[11;26H[31m-[0m[36m$(LDFLAGS)[0m[31m -o [0m[36m$@[0m[50;119H3-27[11;27H[31mv[0m[36m$(LDFLAGS)[0m[31m -o [0m[36m$@[0m[50;119H4-28[11;28H[31ma[0m[36m$(LDFLAGS)[0m[31m -o [0m[36m$@[0m[50;119H5-29[11;29H[31ml[0m[36m$(LDFLAGS)[0m[31m -o [0m[36m$@[0m[50;119H6-30[11;30H[31mu[0m[36m$(LDFLAGS)[0m[31m -o [0m[36m$@[0m[50;119H7-31[11;31H[31me[0m[36m$(LDFLAGS)[0m[31m -o [0m[36m$@[0m[50;119H8-32[11;32H[31m.[0m[36m$(LDFLAGS)[0m[31m -o [0m[36m$@[0m[50;119H9-33[11;33H[31mo[0m[36m$(LDFLAGS)[0m[31m -o [0m[36m$@[0m[50;118H20-34[11;34H[31m [0m[36m$(LDFLAGS)[0m[31m -o [0m[36m$@[0m[50;119H1-35[11;35H[31mp[0m[36m$(LDFLAGS)[0m[31m -o [0m[36m$@[0m[50;119H2-36[11;36H[31mr[0m[36m$(LDFLAGS)[0m[31m -o [0m[36m$@[0m[50;119H3-37[11;37H[31mo[0m[36m$(LDFLAGS)[0m[31m -o [0m[36m$@[0m[50;119H4-38[11;38H[31mc[0m[36m$(LDFLAGS)[0m[31m -o [0m[36m$@[0m[50;119H5-39[11;39H[31me[0m[36m$(LDFLAGS)[0m[31m -o [0m[36m$@[0m[50;119H6-40[11;40H[31ms[0m[36m$(LDFLAGS)[0m[31m -o [0m[36m$@[0m[50;119H7-41[11;41H[31ms[0m[36m$(LDFLAGS)[0m[31m -o [0m[36m$@[0m[50;119H8-42[11;42H[31m-[0m[36m$(LDFLAGS)[0m[31m -o [0m[36m$@[0m[50;119H9-43[11;43H[31mf[0m[36m$(LDFLAGS)[0m[31m -o [0m[36m$@[0m[50;118H30-44[11;44H[31mi[0m[36m$(LDFLAGS)[0m[31m -o [0m[36m$@[0m[50;119H1-45[11;45H[31ml[0m[36m$(LDFLAGS)[0m[31m -o [0m[36m$@[0m[50;119H2-46[11;46H[31me[0m[36m$(LDFLAGS)[0m[31m -o [0m[36m$@[0m[50;119H3-47[11;47H[31m.[0m[36m$(LDFLAGS)[0m[31m -o [0m[36m$@[0m[50;119H4-48[11;48H[31mo[0m[36m$(LDFLAGS)[0m[31m -o [0m[36m$@[0m[50;119H5-49[11;49H[31m [0m[36m$(LDFLAGS)[0m[31m -o [0m[36m$@[0m[50;119H6-50[11;50H[31mm[0m[36m$(LDFLAGS)[0m[31m -o [0m[36m$@[0m[50;119H7-51[11;51H[31ma[0m[36m$(LDFLAGS)[0m[31m -o [0m[36m$@[0m[50;119H8-52[11;52H[31mi[0m[36m$(LDFLAGS)[0m[31m -o [0m[36m$@[0m[50;119H9-53[11;53H[31mn[0m[36m$(LDFLAGS)[0m[31m -o [0m[36m$@[0m[50;118H40-54[11;54H[31m.[0m[36m$(LDFLAGS)[0m[31m -o [0m[36m$@[0m[50;119H1-55[11;55H[31mo[0m[36m$(LDFLAGS)[0m[31m -o [0m[36m$@[0m[50;119H2-56[11;56H[31m [0m[36m$(LDFLAGS)[0m[31m -o [0m[36m$@[0m[50;119H3-57[11;57H[1C[36m[46m([7C)[0m[50;119H4-58[11;58H[50;119H5-59[11;59H[36m([7C)[0m[50;119H6-60[11;60H[50;119H7-61[11;61H[50;119H8-62[11;62H[50;119H9-63[11;63H[50;118H50-64[11;64H[50;119H1-65[11;65H[11;58H[36m[46m([7C)[0m[50;119H2-66[11;66H[50;119H3-67[11;67H[11;58H[36m([7C)[0m[50;119H4-68[11;68H[50;119H5-69[11;69H[50;119H6-70[11;70H[50;119H7-71[11;71H[50;119H8-72[11;72H[50;119H9-73[11;73H[49;1H[K[12;1H[L[12;1H[31m                [0m[50;1H[1m-- INSERT --[0m[102C12,3-17[7CAll[12;17H[12;9H[K[50;118H2-9 [12;9H[12;1H[K[13;1H                [50;118H1  [12;1H[49;1H[K[13;1H[L[50;1H[1m-- INSERT --[0m[102C13,1[10CAll[13;1Hc[50;118H2[13;2Hl[50;118H3[13;3He[50;118H4[13;4Ha[50;118H5[13;5Hn[50;118H6[13;6H[36mclean:[0m
[31m                [0m[50;118H7[13;7H[49;1H[K[14;1H[L[14;1H[31m        [0m[50;1H[1m-- INSERT --[0m[102C14,2-9[8CAll[14;9H[31m        [0m[50;118H3-17[14;17H[31mr[0m[50;118H4-18[14;18H[31mm[0m[50;118H5-19[14;19H[31m [0m[50;118H6-20[14;20H[31m-[0m[50;118H7-21[14;21H[31mf[0m[50;118H8-22[14;22H[31m [0m[50;118H9-23[14;23H[31m*[0m[50;118H10-24[14;24H[31m.[0m[50;119H1-25[14;25H[31mo[0m[50;119H2-26[14;26H[31m [0m[50;119H3-27[14;27H[31m$[0m[50;119H4-28[14;28H[36m$(
                [0m[50;119H5-29[14;29H[36mP[0m[50;119H6-30[14;30H[36mO[0m[50;119H7-31[14;31H[36mR[0m[50;119H8-32[14;32H[36mJ[0m[50;119H9-33[14;33H[36mE[0m[50;118H20-34[14;34H[36mC[0m[50;119H1-35[14;35H[36mT[0m[50;119H2-36[14;36H[36m)[0m
[31m                [0m[14;28H[36m[46m([7C)[0m[50;119H3-37[14;37H[31m [0m[14;28H[36m([7C)[0m[50;119H4-38[14;38H[31m$[0m[50;119H5-39[14;39H[36m$(
                [0m[50;119H6-40[14;40H[36mP[0m[50;119H7-41[14;41H[36mR[0m[50;119H8-42[14;42H[36mO[0m[50;119H9-43[14;43H[36mJ[0m[50;118H30-44[14;44H[36mE[0m[50;119H1-45[14;45H[36mC[0m[50;119H2-46[14;46H[36mT[0m[50;119H3-47[14;47H[36m)[0m
[31m                [0m[14;39H[36m[46m([7C)[0m[50;119H4-48[14;48H[31m>[0m[14;39H[36m([7C)[0m[50;119H5-49[14;49H[14;48H[K[14;39H[36m[46m([7C)[0m[50;119H4-48[14;48H[31m.[0m[14;39H[36m([7C)[0m[50;119H5-49[14;49H[31mt[0m[50;119H6-50[14;50H[31ma[0m[50;119H7-51[14;51H[31mr[0m[50;119H8-52[14;52H[31mg[0m[50;119H9-53[14;53H[14;52H[K[50;119H8-52[14;52H[31m.[0m[50;119H9-53[14;53H[31mg[0m[50;118H40-54[14;54H[31mz[0m[50;119H1-55[14;55H[49;1H[K[15;1H[L[15;1H[31m                [0m[50;1H[1m-- INSERT --[0m[102C15,3-17[7CAll[15;17H[15;9H[K[50;118H2-9 [15;9H[15;1H[K[16;1H                [50;118H1  [15;1Hd[50;118H2[15;2Hi[50;118H3[15;3Hs[50;118H4[15;4Ht[50;118H5[15;5H[36mdist:[0m
[31m                [0m[50;118H6[15;6H[36m [0m[50;118H7[15;7H[15;6H[K[50;118H6[15;6H[36m   [0m[50;118H7-9[15;9H[36m        [0m[50;118H8-17[15;17H[15;6H           $[50;118H9-18[15;18H[36m$([0m[50;118H10-19[15;19H[36mP[0m[50;119H1-20[15;20H[36mR[0m[50;119H2-21[15;21H[36mO[0m[50;119H3-22[15;22H[36mJ[0m[50;119H4-23[15;23H[36mE[0m[50;119H5-24[15;24H[36mC[0m[50;119H6-25[15;25H[36mT[0m[50;119H7-26[15;26H[36m)[0m[15;18H[36m[46m([7C)[0m[50;119H8-27[15;27H.[15;18H[36m([7C)[0m[50;119H9-28[15;28Ht[50;118H20-29[15;29Ha[50;119H1-30[15;30Hr[50;119H2-31[15;31H.[50;119H3-32[15;32Hg[50;119H4-33[15;33Hz[50;119H5-34[15;34H[49;1H[K[16;1H[L[16;1H[31m        [0m[50;1H[1m-- INSERT --[0m[102C16,2-9[8CAll[16;9H[16;1H[K[17;1H                [50;118H1  [16;1H$[50;118H2[16;2H[36m$P[0m[50;118H3[16;3HR[50;118H4[16;4HO[50;118H5[16;5HJ[50;118H6[16;6HE[50;118H7[16;7HC[50;118H8[16;8H[16;7H[K[50;118H7[16;7H[16;6H[K[50;118H6[16;6H[16;5H[K[50;118H5[16;5H[16;4H[K[50;118H4[16;4H[16;3H[K[50;118H3[16;3H$[16;2H[K[50;118H2[16;2H[16;1H[K[50;118H1[16;1H[15;1H[M[15;1H[36mdist:[11C$(PROJECT)[0m.tar.gz
[31m                [0m[49;1H[1m[34m~                                                                                                                                   [0m[50;1H[1m-- INSERT --[0m[102C15,25-34      All[15;34H[49;1H[K[16;1H[L[16;1H[31m        [0m[50;1H[1m-- INSERT --[0m[102C16,2-9[8CAll[16;9H[16;1H[K[17;1H                [50;118H1  [16;1H[15;1H[M[15;1H[36mdist:[11C$(PROJECT)[0m.tar.gz
[31m                [0m[49;1H[1m[34m~                                                                                                                                   [0m[50;1H[1m-- INSERT --[0m[102C15,25-34      All[15;34H[49;1H[K[16;1H[L[16;1H[31m        [0m[50;1H[1m-- INSERT --[0m[102C16,2-9[8CAll[16;9H[16;1H[K[17;1H                [50;118H1  [16;1H$[50;118H2[16;2H[36m$(
                [0m[50;118H3[16;3H[36mPR[0m[50;118H5[16;5H[36mO[0m[50;118H6[16;6H[36mJ[0m[50;118H7[16;7H[36mC[0m[50;118H8[16;8H[16;7H[K[50;118H7[16;7H[36mEC[0m[50;118H9[16;9H[36mT[0m[50;118H10[16;10H[36m0[0m[50;119H1[16;11H[16;10H[K[50;119H0[16;10H[36m)[0m
                [16;2H[36m[46m([7C)[0m[50;119H1[16;11H[36m:[0m
[31m                [0m[16;2H[36m([7C)[0m[50;119H2[16;12H[16;11H[K[17;1H                [16;2H[36m[46m([7C)[0m[50;119H1[16;11H,[16;2H[36m([7C)[0m[50;119H2[16;12H[16;11H[K[16;2H[36m[46m([7C)[0m[50;119H1[16;11H,[16;2H[36m([7C)[0m[50;119H2[16;12H[16;11H[K[16;2H[36m[46m([7C)[0m[50;119H1[16;11H.[16;2H[36m([7C)[0m[50;119H2[16;12Ht[50;119H3[16;13Ha[50;119H4[16;14Hr[50;119H5[16;15H.[50;119H6[16;16Hg[50;119H7[16;17Hz[50;119H8[16;18H[16;11H[36m.tar.gz:[0m
[31m                [0m[50;119H9[16;19H[36m [0m[50;118H20[16;20H [35m\
                [0m[50;119H1[16;21H\
[31m                [0m[50;119H2-25[16;25H[35m\
                [0m[50;119H1   [16;21H[36m [0m[16;20H[K[17;1H[31m                [0m[50;119H0[16;20H[16;19H[K[50;118H19[16;19H[16;11H.tar.gz[16;18H[K[17;1H                [50;119H8[16;18H[36m`
                [0m[50;119H9[16;19H[16;18H[K[17;1H                [50;119H8[16;18H;[50;119H9[16;19H[16;18H[K[50;119H8[16;18H[16;11H[36m.tar.gz:[0m
[31m                [0m[50;119H9[16;19H[36m      [0m[50;118H20-25[16;25H      $[50;119H1-26[16;26H[36m$([0m[50;119H2-27[16;27H[36mS[0m[50;119H3-28[16;28H[36mR[0m[50;119H4-29[16;29H[36mC[0m[50;119H5-30[16;30H[36m_[0m[50;119H6-31[16;31H[36mF[0m[50;119H7-32[16;32H[36mI[0m[50;119H8-33[16;33H[36mL[0m[50;119H9-34[16;34H[36mE[0m[50;118H30-35[16;35H[36mS[0m[50;119H1-36[16;36H[36m)[0m[16;26H[36m[46m([9C)[0m[50;119H2-37[16;37H[49;1H[K[17;1H[L[17;1H[31m        [0m[50;1H[1m-- INSERT --[0m[102C17,2-9[8CAll[16;26H[36m([9C)[17;9H[0m[31m        [0m[50;118H3-17[17;17H[31m        [0m[50;118H4-25[17;25H[31mt[0m[50;118H5-26[17;26H[31ma[0m[50;118H6-27[17;27H[31mr[0m[50;118H7-28[17;28H[31m [0m[50;118H8-29[17;29H[31m-[0m[50;118H9-30[17;30H[31mc[0m[50;118H10-31[17;31H[31mf[0m[50;119H1-32[17;32H[31m [0m[50;119H2-33[17;33H[31m$[0m[50;119H3-34[17;34H[36m$P[0m[50;119H4-35[17;35H[31mR[0m[50;119H5-36[17;36H[31mO[0m[50;119H6-37[17;37H[31mJ[0m[50;119H7-38[17;38H[31mE[0m[50;119H8-39[17;39H[31mC[0m[50;119H9-40[17;40H[31mT[0m[50;118H20-41[17;41H[31m)[0m[50;119H1-42[17;42H[17;41H[K[50;119H0-41[17;41H[17;40H[K[50;118H19-40[17;40H[17;39H[K[50;119H8-39[17;39H[17;38H[K[50;119H7-38[17;38H[17;37H[K[50;119H6-37[17;37H[17;36H[K[50;119H5-36[17;36H[17;35H[K[50;119H4-35[17;35H[31m$[0m[17;34H[K[50;119H3-34[17;34H[36m$(
                [0m[50;119H4-35[17;35H[36mP[0m[50;119H5-36[17;36H[36mR[0m[50;119H6-37[17;37H[36mO[0m[50;119H7-38[17;38H[36mJ[0m[50;119H8-39[17;39H[36mE[0m[50;119H9-40[17;40H[36mC[0m[50;118H20-41[17;41H[36mT[0m[50;119H1-42[17;42H[36m)[0m
[31m                [0m[17;34H[36m[46m([7C)[0m[50;119H2-43[17;43H[31m [0m[17;34H[36m([7C)[0m[50;119H3-44[17;44H[31m$[0m[50;119H4-45[17;45H[36m$(
                [0m[50;119H5-46[17;46H[36mP[0m[50;119H6-47[17;47H[36mR[0m[50;119H7-48[17;48H[36mO[0m[50;119H8-49[17;49H[36mJ[0m[50;119H9-50[17;50H[36mE[0m[50;118H30-51[17;51H[36mC[0m[50;119H1-52[17;52H[36mT[0m[50;119H2-53[17;53H[36m)[0m
[31m                [0m[17;45H[36m[46m([7C)[0m[50;119H3-54[17;54H[31m.[0m[17;45H[36m([7C)[0m[50;119H4-55[17;55H[31mt[0m[50;119H5-56[17;56H[31ma[0m[50;119H6-57[17;57H[31mr[0m[50;119H7-58[17;58H[31m.[0m[50;119H8-59[17;59H[31mg[0m[50;119H9-60[17;60H[31mz[0m[50;118H40-61[17;61H[49;1H[K[18;1H[L[18;1H[31m                        [0m[50;1H[1m-- INSERT --[0m[102C18,4-25[7CAll[18;25H[31mg[0m[50;118H5-26[18;26H[31mz[0m[50;118H6-27[18;27H[31mi[0m[50;118H7-28[18;28H[31mp[0m[50;118H8-29[18;29H[31m-[0m[50;118H9-30[18;30H[18;29H[K[50;118H8-29[18;29H[31m [0m[50;118H9-30[18;30H[31m-[0m[50;118H10-31[18;31H[31mf[0m[50;119H1-32[18;32H[31m [0m[50;119H2-33[18;33H[31m$[0m[50;119H3-34[18;34H[36m$(
                [0m[50;119H4-35[18;35H[36mP[0m[50;119H5-36[18;36H[36mR[0m[50;119H6-37[18;37H[36mO[0m[50;119H7-38[18;38H[36mJ[0m[50;119H8-39[18;39H[36mE[0m[50;119H9-40[18;40H[36mC[0m[50;118H20-41[18;41H[36mT[0m[50;119H1-42[18;42H[36m)[0m
[31m                [0m[18;34H[36m[46m([7C)[0m[50;119H2-43[18;43H[31m.[0m[18;34H[36m([7C)[0m[50;119H3-44[18;44H[31mt[0m[50;119H4-45[18;45H[31ma[0m[50;119H5-46[18;46H[31mr[0m[50;119H6-47[18;47H[50;1H[K[18;46H[50;105H^[[18;46H[50;105H  [18;47H[50;115H18,25-46      All[18;46H[50;105H:[18;46H[50;105H[K[50;1H:wq"Makefile" 19L, 441C written
awalley1@remote00:~/i220a/submit/lab1/exercises/4-from-scratch$ make [D[K[D[K[D[K[D[K[D[Kvim Mk[D[Kakefile 
[m[m[0m[H[2J[50;1H"Makefile" 19L, 441C[2;1Hâ–½[6n[2;1H  [1;1H[1;1H[36mPROJECT [0m= key-value
[36mSRC_FILES [0m= key-value.c [35m\
            [0mkey-value.h [35m\
            [0mprocess-file.c [35m\
            [0mprocess-file.h [35m\
            [0mmain.c
[36mCFLAGS [0m= -g -Wall -std=c11
[36mLDFLAGS [0m=

[36m$(PROJECT):[0m     key-value.o process-file.o main.o
[31m                [0m[36m$(CC)[0m[31m key-value.o process-file.o main.o [0m[36m$(LDFLAGS)[0m[31m -o [0m[36m$@

clean:[0m
[31m                rm -f *.o [0m[36m$(PORJECT)[0m[31m [0m[36m$(PROJECT)[0m[31m.tar.gz[0m
[36mdist:[11C$(PROJECT)[0m.tar.gz
[36m$(PROJECT).tar.gz:[0m      [36m$(SRC_FILES)[0m
[31m                        tar -cf [0m[36m$(PROJECT)[0m[31m [0m[36m$(PROJECT)[0m[31m.tar.gz
                        gzip -f [0m[36m$(PROJECT)[0m[31m.tar
                [0m
[1m[34m~                                                                                                                                   [21;1H~                                                                                                                                   [22;1H~                                                                                                                                   [23;1H~                                                                                                                                   [24;1H~                                                                                                                                   [25;1H~                                                                                                                                   [26;1H~                                                                                                                                   [27;1H~                                                                                                                                   [28;1H~                                                                                                                                   [29;1H~                                                                                                                                   [30;1H~                                                                                                                                   [31;1H~                                                                                                                                   [32;1H~                                                                                                                                   [33;1H~                                                                                                                                   [34;1H~                                                                                                                                   [35;1H~                                                                                                                                   [36;1H~                                                                                                                                   [37;1H~                                                                                                                                   [38;1H~                                                                                                                                   [39;1H~                                                                                                                                   [40;1H~                                                                                                                                   [41;1H~                                                                                                                                   [42;1H~                                                                                                                                   [43;1H~                                                                                                                                   [44;1H~                                                                                                                                   [45;1H~                                                                                                                                   [46;1H~                                                                                                                                   [47;1H~                                                                                                                                   [48;1H~                                                                                                                                   [49;1H~                                                                                                                                   [0m[50;115H18,25-46      All[18;46H[50;105Hj[18;46H[50;105H [19;16H[50;116H9,2-16 [19;16H[50;105Hj[19;16H[50;105H [19;16H[50;105Hk[19;16H[50;105H [18;46H[50;116H8,25-46[18;46H[50;105Hk[18;46H[50;105H [17;46H[50;116H7[17;46H[50;105Hk[17;46H[50;105H [16;36H[16;26H[36m[46m([9C)[0m[50;116H6,31-3[16;36H[50;105Hk[16;36H[50;105H [15;33H[16;26H[36m([9C)[0m[50;116H5,24-33[15;33H[50;105Hk[15;33H[50;105H [14;46H[50;116H4,32-46[14;46H[50;105Hk[14;46H[50;105H [13;6H[50;116H3,6    [13;6H[50;105Hk[13;6H[50;105H [12;1H[50;116H2,0-1[12;1H[50;105Hi[12;1H[50;105H [12;1H[50;1H[1m-- INSERT --[0m[50;13H[K[50;115H12,1[10CAll[12;1Hd[50;118H2[12;2He[50;118H3[12;3Hp[50;118H4[12;4He[50;118H5[12;5Hn[50;118H6[12;6Hd[50;118H7[12;7H[36mdepend:[0m[50;118H8[12;8H[49;1H[K[13;1H[L[13;1H[31m        [0m[50;1H[1m-- INSERT --[0m[102C13,2-9[8CAll[13;9H[31m        [0m[50;118H3-17[13;17H[31m$[0m[50;118H4-18[13;18H[36m$(

                rm -f *.o [10C [10C.tar.gz[16;6H           [10C.tar.gz[17;19H      
                        tar -cf [10C [10C.tar.gz
                        gzip -f [10C.tar
                [0m[50;118H5-19[13;19H[36mC[0m[50;118H6-20[13;20H[36mC[0m[50;118H7-21[13;21H[36m)[0m

[31m                rm -f *.o [10C [10C.tar.gz[0m[16;6H           [10C.tar.gz[17;19H      
[31m                        tar -cf [10C [10C.tar.gz
                        gzip -f [10C.tar
                [0m[13;18H[36m[46m([2C)[0m[50;118H8-22[13;22H[31m [0m[36m(CC)[0m[50;118H9-23[13;23H[31m-[0m[50;118H10-24[13;24H[31mM[0m[50;119H1-25[13;25H[31mM[0m[50;119H2-26[13;26H[31m [0m[50;119H3-27[13;27H[31m$[0m[50;119H4-28[13;28H[36m$(

                rm -f *.o [10C [10C.tar.gz[16;6H           [10C.tar.gz[17;19H      
                        tar -cf [10C [10C.tar.gz
                        gzip -f [10C.tar
                [0m[50;119H5-29[13;29H[36mC[0m[50;119H6-30[13;30H[36mP[0m[50;119H7-31[13;31H[36mP[0m[50;119H8-32[13;32H[36mF[0m[50;119H9-33[13;33H[36mL[0m[50;118H20-34[13;34H[36mA[0m[50;119H1-35[13;35H[36mG[0m[50;119H2-36[13;36H[36mS[0m[50;119H3-37[13;37H[36m)[0m

[31m                rm -f *.o [10C [10C.tar.gz[0m[16;6H           [10C.tar.gz[17;19H      
[31m                        tar -cf [10C [10C.tar.gz
                        gzip -f [10C.tar
                [0m[13;28H[36m[46m([8C)[0m[50;119H4-38[13;38H[31m [0m[13;28H[36m([8C)[0m[50;119H5-39[13;39H[31m*[0m[50;119H6-40[13;40H[31m.[0m[50;119H7-41[13;41H[31mc[0m[50;119H8-42[13;42H[50;1H[K[13;41H[50;105H^[[13;41H[50;105H  [13;42H[50;115H13,27-41      All[13;41H[50;105H:[13;41H[50;105H[K[50;1H:WQ[1m[37m[41mE492: Not an editor command: WQ[13;41H[0m[50;115H13,27-41      All[13;41H[50;105H:[13;41H[50;1H[K[50;1H:wq"Makefile" 20L, 476C written
awalley1@remote00:~/i220a/submit/lab1/exercises/4-from-scratch$ make depend
cc -MM  *.c
key-value.o: key-value.c key-value.h
main.o: main.c process-file.h
process-file.o: process-file.c key-value.h process-file.h
awalley1@remote00:~/i220a/submit/lab1/exercises/4-from-scratch$ vim a[D[KMakefile 
[m[m[0m[H[2J[50;1H"Makefile" 20L, 476C[2;1Hâ–½[6n[2;1H  [1;1H[1;1H[36mPROJECT [0m= key-value
[36mSRC_FILES [0m= key-value.c [35m\
            [0mkey-value.h [35m\
            [0mprocess-file.c [35m\
            [0mprocess-file.h [35m\
            [0mmain.c
[36mCFLAGS [0m= -g -Wall -std=c11
[36mLDFLAGS [0m=

[36m$(PROJECT):[0m     key-value.o process-file.o main.o
[31m                [0m[36m$(CC)[0m[31m key-value.o process-file.o main.o [0m[36m$(LDFLAGS)[0m[31m -o [0m[36m$@
depend:[0m
[31m                [0m[36m$(CC)[0m[31m -MM [0m[36m$(CPPFLAGS)[0m[31m *.c[0m
[36mclean:[0m
[31m                rm -f *.o [0m[36m$(PORJECT)[0m[31m [0m[36m$(PROJECT)[0m[31m.tar.gz[0m
[36mdist:[11C$(PROJECT)[0m.tar.gz
[36m$(PROJECT).tar.gz:[0m      [36m$(SRC_FILES)[0m
[31m                        tar -cf [0m[36m$(PROJECT)[0m[31m [0m[36m$(PROJECT)[0m[31m.tar.gz
                        gzip -f [0m[36m$(PROJECT)[0m[31m.tar
                [0m
[1m[34m~                                                                                                                                   [22;1H~                                                                                                                                   [23;1H~                                                                                                                                   [24;1H~                                                                                                                                   [25;1H~                                                                                                                                   [26;1H~                                                                                                                                   [27;1H~                                                                                                                                   [28;1H~                                                                                                                                   [29;1H~                                                                                                                                   [30;1H~                                                                                                                                   [31;1H~                                                                                                                                   [32;1H~                                                                                                                                   [33;1H~                                                                                                                                   [34;1H~                                                                                                                                   [35;1H~                                                                                                                                   [36;1H~                                                                                                                                   [37;1H~                                                                                                                                   [38;1H~                                                                                                                                   [39;1H~                                                                                                                                   [40;1H~                                                                                                                                   [41;1H~                                                                                                                                   [42;1H~                                                                                                                                   [43;1H~                                                                                                                                   [44;1H~                                                                                                                                   [45;1H~                                                                                                                                   [46;1H~                                                                                                                                   [47;1H~                                                                                                                                   [48;1H~                                                                                                                                   [49;1H~                                                                                                                                   [0m[50;115H13,27-41      All[13;41H[50;105Hj[13;41H[50;105H [14;6H[50;116H4,6    [14;6H[50;105Hj[14;6H[50;105H [15;41H[50;116H5,27-41[15;41H[50;105Hj[15;41H[50;105H [16;33H[50;116H6,24-33[16;33H[50;105Hj[16;33H[50;105H [17;36H[17;26H[36m[46m([9C)[0m[50;116H7,31-36[17;36H[50;105Hj[17;36H[50;105H [18;41H[17;26H[36m([9C)[0m[50;116H8,20-41[18;41H[50;105Hj[18;41H[50;105H [19;41H[50;116H9[19;41H[50;105Hj[19;41H[50;105H [20;16H[50;115H20,2-16 [20;16H[50;105Ho[20;16H[50;105H [21;17H[50;1H[1m-- INSERT --[0m[50;13H[K[50;115H21,3-17[7CAll[21;1H[31m                [0m[21;17H[K[21;17H[21;9H[K[50;118H2-9 [21;9H[21;1H[K[50;118H1  [21;1H[34m#[0m[50;118H2[21;2H[34ma[0m[50;118H3[21;3H[34mu[0m[50;118H4[21;4H[34mto[0m[50;118H6[21;6H[34mm[0m[50;118H7[21;7H[34ma[0m[50;118H8[21;8H[34mt[0m[50;118H9[21;9H[34mi[0m[50;118H10[21;10H[34mc[0m[50;119H1[21;11H[34m [0m[50;119H2[21;12H[21;11H[K[50;119H1[21;11H[34ma[0m[50;119H2[21;12H[34ml[0m[50;119H3[21;13H[34ml[0m[50;119H4[21;14H[34m [0m[50;119H5[21;15H[21;14H[K[50;119H4[21;14H[34my[0m[50;119H5[21;15H[34m [0m[50;119H6[21;16H[34mg[0m[50;119H7[21;17H[34men[0m[50;119H9[21;19H[34me[0m[50;118H20[21;20H[34mr[0m[50;119H1[21;21H[34ma[0m[50;119H2[21;22H[34mt[0m[50;119H3[21;23H[34me[0m[50;119H4[21;24H[34m [0m[50;119H5[21;25H[34mde[0m[50;119H7[21;27H[34mo[0m[50;119H8[21;28H[21;27H[K[50;119H7[21;27H[34mp[0m[50;119H8[21;28H[34me[0m[50;119H9[21;29H[34mn[0m[50;118H30[21;30H[34md[0m[50;119H1[21;31H[34me[0m[50;119H2[21;32H[34mn[0m[50;119H3[21;33H[34mci[0m[50;119H5[21;35H[34me[0m[50;119H6[21;36H[34ms[0m[50;119H7[21;37H[34m [0m[50;119H8[21;38H[34mp[0m[50;119H9[21;39H[34mr[0m[50;118H40[21;40H[34mo[0m[50;119H1[21;41H[34md[0m[50;119H2[21;42H[34mu[0m[50;119H3[21;43H[34mc[0m[50;119H4[21;44H[34me[0m[50;119H5[21;45H[34md[0m[50;119H6[21;46H[34m [0m[50;119H7[21;47H[34mb[0m[50;119H8[21;48H[34my[0m[50;119H9[21;49H[34m [0m[50;118H50[21;50H[34mm[0m[50;119H1[21;51H[34ma[0m[50;119H2[21;52H[34mk[0m[50;119H3[21;53H[34me[0m[50;119H4[21;54H[34m [0m[50;119H5[21;55H[34md[0m[50;119H6[21;56H[34me[0m[50;119H7[21;57H[34mp[0m[50;119H8[21;58H[34me[0m[50;119H9[21;59H[34mn[0m[50;118H60[21;60H[34md[0m[50;119H1[21;61H[22;1H[K[50;116H2,1 [22;1Hx[50;118H2[22;2Hv[50;118H3[22;3H[22;1H[K[50;118H1[22;1H[36mkey-value.o:[0m key-value.c key-value.h
[31m        main.o: main.c process-file.h[0m[23;38H[K[24;1H[36mprocess-file.o:[0m process-file.c key-value.h process-file.h[24;58H[K[50;116H4,58[24;58H[50;1H[K[24;57H[50;105H^[[24;57H[50;105H  [24;58H[50;115H24,57[9CAll[24;57H[50;105Hk[24;57H[50;105H [23;37H[50;116H3,30-37[23;37H[50;105Hh[23;37H[50;105H [23;36H[50;118H29-36[23;36H[50;105Hh[23;36H[50;105H [23;35H[50;119H8-35[23;35H[50;105Hh[23;35H[50;105H [23;34H[50;119H7-34[23;34H[50;105Hh[23;34H[50;105H [23;33H[50;119H6-33[23;33H[50;105Hh[23;33H[50;105H [23;32H[50;119H5-32[23;32H[50;105Hh[23;32H[50;105H [23;31H[50;119H4-31[23;31H[50;105Hh[23;31H[50;105H [23;30H[50;119H3-30[23;30H[50;105Hh[23;30H[50;105H [23;29H[50;119H2-29[23;29H[50;105Hh[23;29H[50;105H [23;28H[50;119H1-28[23;28H[50;105Hh[23;28H[50;105H [23;27H[50;119H0-27[23;27H[50;105Hh[23;27H[50;105H [23;26H[50;118H19-26[23;26H[50;105Hh[23;26H[50;105H [23;25H[50;119H8-25[23;25H[50;105Hh[23;25H[50;105H [23;24H[50;119H7-24[23;24H[50;105Hh[23;24H[50;105H [23;23H[50;119H6-23[23;23H[50;105Hh[23;23H[50;105H [23;22H[50;119H5-22[23;22H[50;105Hh[23;22H[50;105H [23;21H[50;119H4-21[23;21H[50;105Hh[23;21H[50;105H [23;20H[50;119H3-20[23;20H[50;105Hh[23;20H[50;105H [23;19H[50;119H2-19[23;19H[50;105Hh[23;19H[50;105H [23;18H[50;119H1-18[23;18H[50;105Hh[23;18H[50;105H [23;17H[50;119H0-17[23;17H[50;105Hh[23;17H[50;105H [23;16H[50;118H9-16 [23;16H[50;105Hh[23;16H[50;105H [23;15H[50;118H8-15[23;15H[50;105Hh[23;15H[50;105H [23;14H[50;118H7-14[23;14H[50;105Hh[23;14H[50;105H [23;13H[50;118H6-13[23;13H[50;105Hh[23;13H[50;105H [23;12H[50;118H5-12[23;12H[50;105Hh[23;12H[50;105H [23;11H[50;118H4-11[23;11H[50;105Hh[23;11H[50;105H [23;10H[50;118H3-10[23;10H[50;105Hh[23;10H[50;105H [23;9H[50;118H2-9 [23;9H[50;105Hi[23;9H[50;105H [23;9H[50;1H[1m-- INSERT --[0m[50;115H[K[50;115H23,2-9[8CAll[23;9H[36mmain.o:[0m main.c process-file.h[23;30H[K[50;118H1  [23;1H[50;1H[K[23;1H[50;105H^[[23;1H[50;105H  [23;1H[50;115H23,1[10CAll[23;1H[50;105H:[23;1H[50;105H[K[50;1H:wq"Makefile" 24L, 662C written
awalley1@remote00:~/i220a/submit/lab1/exercises/4-from-scratch$ make
cc -g -Wall -std=c11   -c -o key-value.o key-value.c
cc -g -Wall -std=c11   -c -o process-file.o process-file.c
cc -g -Wall -std=c11   -c -o main.o main.c
cc key-value.o process-file.o main.o  -o key-value
awalley1@remote00:~/i220a/submit/lab1/exercises/4-from-scratch$ cat Makefile 
PROJECT = key-value
SRC_FILES = key-value.c \
	    key-value.h \
	    process-file.c \
	    process-file.h \
	    main.c
CFLAGS = -g -Wall -std=c11
LDFLAGS = 

$(PROJECT):	key-value.o process-file.o main.o 
		$(CC) key-value.o process-file.o main.o $(LDFLAGS) -o $@
depend:
		$(CC) -MM $(CPPFLAGS) *.c
clean:
		rm -f *.o $(PORJECT) $(PROJECT).tar.gz
dist:		$(PROJECT).tar.gz
$(PROJECT).tar.gz:	$(SRC_FILES)
			tar -cf $(PROJECT) $(PROJECT).tar.gz
			gzip -f $(PROJECT).tar
		
#automatically generate dependencies produced by make depend
key-value.o: key-value.c key-value.h
main.o: main.c process-file.h
process-file.o: process-file.c key-value.h process-file.h
awalley1@remote00:~/i220a/submit/lab1/exercises/4-from-scratch$ ./key-value 
a=1
a?
1
b=2
b?
2
b-
b?
<stdin>:6: unknown key
q
<stdin>:7: bad input
exit
<stdin>:8: bad input
Ã§^X^C
awalley1@remote00:~/i220a/submit/lab1/exercises/4-from-scratch$ cd ..
awalley1@remote00:~/i220a/submit/lab1/exercises$ cd 5-auto-dependencies/
awalley1@remote00:~/i220a/submit/lab1/exercises/5-auto-dependencies$ make
gcc -MT quadr.o -MMD -MP -MF .deps/quadr.d  -c quadr.c
gcc -MT main.o -MMD -MP -MF .deps/main.d  -c main.c
gcc quadr.o main.o -lm -o quadr
awalley1@remote00:~/i220a/submit/lab1/exercises/5-auto-dependencies$ ls
main.c	main.o	Makefile  quadr  quadr.c  quadr.h  quadr.o  test.data
awalley1@remote00:~/i220a/submit/lab1/exercises/5-auto-dependencies$ vim Makefile 
[m[m[0m[H[2J[50;1H"Makefile" 55L, 1250C[2;1Hâ–½[6n[2;1H  [1;1H[1;1H[36mCC [0m= gcc
[36mCPPFLAGS [0m= -g -Wall -std=c11
[36mLDFLAGS [0m= -lm

[34m#produce a list of all cc files[0m
[36mC_FILES [0m= [36m$([0m[33mwildcard[0m[36m *.c)[0m

[34m#produce a list of all *.o files by substituting cc in CXX_FILES with o.[0m
[36mOFILES [0m= [36m$(C_FILES:c=o)


TARGET [0m= quadr

[34m#default target[0m
[36mall:[12C$(TARGET)

$(TARGET):[0m      [36m$(OFILES)[0m
[31m                [0m[36m$(CC)[0m[31m [0m[36m$(OFILES)[0m[31m [0m[36m$(LDFLAGS)[0m[31m -o [0m[36m$@[0m


[33m.PHONY:[0m[9Cclean
[36mclean:[0m
[31m                rm -rf *~ *.o [0m[36m$(TARGET)[0m[31m [0m[36m$(DEPDIR)[0m


[34m#auto-dependences
#<http://make.mad-scientist.net/papers/advanced-auto-dependency-generation/>

#dir in which to generate dependences[0m
[36mDEPDIR [0m= .deps

[34m#have DEPDIR/*.d file for each *.c file[0m
[36mDEPFILES [0m= [36m$(C_FILES:%.c=$(DEPDIR)/%.d)[0m

[34m#-MT $@ sets target name in dependency file
#-MMD tells compiler to generate prereqs without including system headers
#-MP adds target for each prereq
#-MF $(DEPDIR)/$*.d sets name of output dependency file[0m
[36mDEPFLAGS [0m= -MT [36m$@[0m -MMD -MP -MF [36m$(DEPDIR)[0m/[36m$*[0m.d

[34m#delete built-in implicit rule for building .o from .c[0m
[36m%.o:[0m [36m%[0m.c

[34m#create our own implicit rule for building %.o from %.c
#| $(DEPDIR) makes DEPDIR an order only prereq[0m
[36m%.o:[12C%[0m.c [36m$(DEPDIR)[0m/[36m%[0m.d | [36m$(DEPDIR)[0m
[31m                [0m[36m$(CC)[0m[31m [0m[36m$(DEPFLAGS)[0m[31m [0m[36m$(CFLAGS)[0m[31m -c [0m[36m$<[0m

[34m#create DEPDIR if it does not exist[0m[50;115H1,1[11CTop[1;1H[50;105H^[[1;1H[50;105H  [1;1H[50;105H^[[1;1H[50;105H  [1;1H[50;105H:[1;1H[50;1H[K[50;1H:q[50;1H[K[50;1Hawalley1@remote00:~/i220a/submit/lab1/exercises/5-auto-dependencies$ ls -al
total 56
drwxr-x--- 3 awalley1 awalley1  4096 Sep  3 13:51 .
drwxr-x--- 7 awalley1 awalley1   140 Sep  3 12:41 ..
drwxr-x--- 2 awalley1 awalley1    45 Sep  3 13:50 .deps
-rw-r----- 1 awalley1 awalley1    11 Sep  3 12:41 .gitignore
-rw-r----- 1 awalley1 awalley1  1224 Sep  3 12:41 main.c
-rw-r----- 1 awalley1 awalley1  3400 Sep  3 13:50 main.o
-rw-r----- 1 awalley1 awalley1  1250 Sep  3 12:41 Makefile
-rwxr-x--- 1 awalley1 awalley1 17264 Sep  3 13:50 quadr
-rw-r----- 1 awalley1 awalley1   270 Sep  3 12:41 quadr.c
-rw-r----- 1 awalley1 awalley1   155 Sep  3 12:41 quadr.h
-rw-r----- 1 awalley1 awalley1  1792 Sep  3 13:50 quadr.o
-rw-r----- 1 awalley1 awalley1    28 Sep  3 12:41 test.data
awalley1@remote00:~/i220a/submit/lab1/exercises/5-auto-dependencies$ cd .deps/
awalley1@remote00:~/i220a/submit/lab1/exercises/5-auto-dependencies/.deps$ ls
main.d	quadr.d
awalley1@remote00:~/i220a/submit/lab1/exercises/5-auto-dependencies/.deps$ cd ..
awalley1@remote00:~/i220a/submit/lab1/exercises/5-auto-dependencies$ 
awalley1@remote00:~/i220a/submit/lab1/exercises/5-auto-dependencies$ exit

Script done on 2020-09-03 13:51:56-04:00 [COMMAND_EXIT_CODE="0"]
